  ArasToolkit.Core -> D:\git仓库\个人工具箱\src\ArasToolkit.Core\bin\Debug\net8.0\ArasToolkit.Core.dll
C:\Program Files\dotnet\sdk\10.0.301\Microsoft.Common.CurrentVersion.targets(2453,5): warning MSB3277: 发现无法解析的“System.IdentityModel.Tokens.Jwt”的不同版本之间存在冲突。 [D:\git仓库\个人工具箱\src\ArasToolkit.Services\ArasToolkit.Services.csproj]
C:\Program Files\dotnet\sdk\10.0.301\Microsoft.Common.CurrentVersion.targets(2453,5): warning MSB3277: “System.IdentityModel.Tokens.Jwt, Version=6.35.0.0, Culture=neutral, PublicKeyToken=31bf3856ad364e35”与“System.IdentityModel.Tokens.Jwt, Version=7.5.1.0, Culture=neutral, PublicKeyToken=31bf3856ad364e35”之间存在冲突。 [D:\git仓库\个人工具箱\src\ArasToolkit.Services\ArasToolkit.Services.csproj]
C:\Program Files\dotnet\sdk\10.0.301\Microsoft.Common.CurrentVersion.targets(2453,5): warning MSB3277:     已选择“System.IdentityModel.Tokens.Jwt, Version=6.35.0.0, Culture=neutral, PublicKeyToken=31bf3856ad364e35”，因为它是主版本而“System.IdentityModel.Tokens.Jwt, Version=7.5.1.0, Culture=neutral, PublicKeyToken=31bf3856ad364e35”不是。 [D:\git仓库\个人工具箱\src\ArasToolkit.Services\ArasToolkit.Services.csproj]
C:\Program Files\dotnet\sdk\10.0.301\Microsoft.Common.CurrentVersion.targets(2453,5): warning MSB3277:     依赖于“System.IdentityModel.Tokens.Jwt, Version=6.35.0.0, Culture=neutral, PublicKeyToken=31bf3856ad364e35”[C:\Users\89190\.nuget\packages\system.identitymodel.tokens.jwt\6.35.0\lib\net6.0\System.IdentityModel.Tokens.Jwt.dll]的引用。 [D:\git仓库\个人工具箱\src\ArasToolkit.Services\ArasToolkit.Services.csproj]
C:\Program Files\dotnet\sdk\10.0.301\Microsoft.Common.CurrentVersion.targets(2453,5): warning MSB3277:         C:\Users\89190\.nuget\packages\system.identitymodel.tokens.jwt\6.35.0\lib\net6.0\System.IdentityModel.Tokens.Jwt.dll [D:\git仓库\个人工具箱\src\ArasToolkit.Services\ArasToolkit.Services.csproj]
C:\Program Files\dotnet\sdk\10.0.301\Microsoft.Common.CurrentVersion.targets(2453,5): warning MSB3277:           导致引用“C:\Users\89190\.nuget\packages\system.identitymodel.tokens.jwt\6.35.0\lib\net6.0\System.IdentityModel.Tokens.Jwt.dll”的项目文件项 Include 特性。 [D:\git仓库\个人工具箱\src\ArasToolkit.Services\ArasToolkit.Services.csproj]
C:\Program Files\dotnet\sdk\10.0.301\Microsoft.Common.CurrentVersion.targets(2453,5): warning MSB3277:             C:\Users\89190\.nuget\packages\system.identitymodel.tokens.jwt\6.35.0\lib\net6.0\System.IdentityModel.Tokens.Jwt.dll [D:\git仓库\个人工具箱\src\ArasToolkit.Services\ArasToolkit.Services.csproj]
C:\Program Files\dotnet\sdk\10.0.301\Microsoft.Common.CurrentVersion.targets(2453,5): warning MSB3277:     依赖于或已统一到“System.IdentityModel.Tokens.Jwt, Version=7.5.1.0, Culture=neutral, PublicKeyToken=31bf3856ad364e35”[] 的引用。 [D:\git仓库\个人工具箱\src\ArasToolkit.Services\ArasToolkit.Services.csproj]
C:\Program Files\dotnet\sdk\10.0.301\Microsoft.Common.CurrentVersion.targets(2453,5): warning MSB3277:         D:\git仓库\个人工具箱\src\R37lib\IOM.dll [D:\git仓库\个人工具箱\src\ArasToolkit.Services\ArasToolkit.Services.csproj]
C:\Program Files\dotnet\sdk\10.0.301\Microsoft.Common.CurrentVersion.targets(2453,5): warning MSB3277:           导致引用“D:\git仓库\个人工具箱\src\R37lib\IOM.dll”的项目文件项 Include 特性。 [D:\git仓库\个人工具箱\src\ArasToolkit.Services\ArasToolkit.Services.csproj]
C:\Program Files\dotnet\sdk\10.0.301\Microsoft.Common.CurrentVersion.targets(2453,5): warning MSB3277:             IOM [D:\git仓库\个人工具箱\src\ArasToolkit.Services\ArasToolkit.Services.csproj]
C:\Program Files\dotnet\sdk\10.0.301\Microsoft.Common.CurrentVersion.targets(2453,5): warning MSB3277: 发现无法解析的“Microsoft.IdentityModel.Tokens”的不同版本之间存在冲突。 [D:\git仓库\个人工具箱\src\ArasToolkit.Services\ArasToolkit.Services.csproj]
C:\Program Files\dotnet\sdk\10.0.301\Microsoft.Common.CurrentVersion.targets(2453,5): warning MSB3277: “Microsoft.IdentityModel.Tokens, Version=6.35.0.0, Culture=neutral, PublicKeyToken=31bf3856ad364e35”与“Microsoft.IdentityModel.Tokens, Version=7.5.1.0, Culture=neutral, PublicKeyToken=31bf3856ad364e35”之间存在冲突。 [D:\git仓库\个人工具箱\src\ArasToolkit.Services\ArasToolkit.Services.csproj]
C:\Program Files\dotnet\sdk\10.0.301\Microsoft.Common.CurrentVersion.targets(2453,5): warning MSB3277:     已选择“Microsoft.IdentityModel.Tokens, Version=6.35.0.0, Culture=neutral, PublicKeyToken=31bf3856ad364e35”，因为它是主版本而“Microsoft.IdentityModel.Tokens, Version=7.5.1.0, Culture=neutral, PublicKeyToken=31bf3856ad364e35”不是。 [D:\git仓库\个人工具箱\src\ArasToolkit.Services\ArasToolkit.Services.csproj]
C:\Program Files\dotnet\sdk\10.0.301\Microsoft.Common.CurrentVersion.targets(2453,5): warning MSB3277:     依赖于“Microsoft.IdentityModel.Tokens, Version=6.35.0.0, Culture=neutral, PublicKeyToken=31bf3856ad364e35”[C:\Users\89190\.nuget\packages\microsoft.identitymodel.tokens\6.35.0\lib\net6.0\Microsoft.IdentityModel.Tokens.dll]的引用。 [D:\git仓库\个人工具箱\src\ArasToolkit.Services\ArasToolkit.Services.csproj]
C:\Program Files\dotnet\sdk\10.0.301\Microsoft.Common.CurrentVersion.targets(2453,5): warning MSB3277:         C:\Users\89190\.nuget\packages\microsoft.identitymodel.tokens\6.35.0\lib\net6.0\Microsoft.IdentityModel.Tokens.dll [D:\git仓库\个人工具箱\src\ArasToolkit.Services\ArasToolkit.Services.csproj]
C:\Program Files\dotnet\sdk\10.0.301\Microsoft.Common.CurrentVersion.targets(2453,5): warning MSB3277:           导致引用“C:\Users\89190\.nuget\packages\microsoft.identitymodel.tokens\6.35.0\lib\net6.0\Microsoft.IdentityModel.Tokens.dll”的项目文件项 Include 特性。 [D:\git仓库\个人工具箱\src\ArasToolkit.Services\ArasToolkit.Services.csproj]
C:\Program Files\dotnet\sdk\10.0.301\Microsoft.Common.CurrentVersion.targets(2453,5): warning MSB3277:             C:\Users\89190\.nuget\packages\microsoft.identitymodel.tokens\6.35.0\lib\net6.0\Microsoft.IdentityModel.Tokens.dll [D:\git仓库\个人工具箱\src\ArasToolkit.Services\ArasToolkit.Services.csproj]
C:\Program Files\dotnet\sdk\10.0.301\Microsoft.Common.CurrentVersion.targets(2453,5): warning MSB3277:     依赖于或已统一到“Microsoft.IdentityModel.Tokens, Version=7.5.1.0, Culture=neutral, PublicKeyToken=31bf3856ad364e35”[] 的引用。 [D:\git仓库\个人工具箱\src\ArasToolkit.Services\ArasToolkit.Services.csproj]
C:\Program Files\dotnet\sdk\10.0.301\Microsoft.Common.CurrentVersion.targets(2453,5): warning MSB3277:         D:\git仓库\个人工具箱\src\R37lib\IOM.dll [D:\git仓库\个人工具箱\src\ArasToolkit.Services\ArasToolkit.Services.csproj]
C:\Program Files\dotnet\sdk\10.0.301\Microsoft.Common.CurrentVersion.targets(2453,5): warning MSB3277:           导致引用“D:\git仓库\个人工具箱\src\R37lib\IOM.dll”的项目文件项 Include 特性。 [D:\git仓库\个人工具箱\src\ArasToolkit.Services\ArasToolkit.Services.csproj]
C:\Program Files\dotnet\sdk\10.0.301\Microsoft.Common.CurrentVersion.targets(2453,5): warning MSB3277:             IOM [D:\git仓库\个人工具箱\src\ArasToolkit.Services\ArasToolkit.Services.csproj]
  ArasToolkit.Services -> D:\git仓库\个人工具箱\src\ArasToolkit.Services\bin\Debug\net8.0\ArasToolkit.Services.dll
C:\Program Files\dotnet\sdk\10.0.301\Microsoft.Common.CurrentVersion.targets(2453,5): warning MSB3277: 发现无法解析的“System.IdentityModel.Tokens.Jwt”的不同版本之间存在冲突。 [D:\git仓库\个人工具箱\src\ArasToolkit.App\ArasToolkit.App.csproj]
C:\Program Files\dotnet\sdk\10.0.301\Microsoft.Common.CurrentVersion.targets(2453,5): warning MSB3277: “System.IdentityModel.Tokens.Jwt, Version=6.35.0.0, Culture=neutral, PublicKeyToken=31bf3856ad364e35”与“System.IdentityModel.Tokens.Jwt, Version=7.5.1.0, Culture=neutral, PublicKeyToken=31bf3856ad364e35”之间存在冲突。 [D:\git仓库\个人工具箱\src\ArasToolkit.App\ArasToolkit.App.csproj]
C:\Program Files\dotnet\sdk\10.0.301\Microsoft.Common.CurrentVersion.targets(2453,5): warning MSB3277:     已选择“System.IdentityModel.Tokens.Jwt, Version=6.35.0.0, Culture=neutral, PublicKeyToken=31bf3856ad364e35”，因为它是主版本而“System.IdentityModel.Tokens.Jwt, Version=7.5.1.0, Culture=neutral, PublicKeyToken=31bf3856ad364e35”不是。 [D:\git仓库\个人工具箱\src\ArasToolkit.App\ArasToolkit.App.csproj]
C:\Program Files\dotnet\sdk\10.0.301\Microsoft.Common.CurrentVersion.targets(2453,5): warning MSB3277:     依赖于“System.IdentityModel.Tokens.Jwt, Version=6.35.0.0, Culture=neutral, PublicKeyToken=31bf3856ad364e35”[C:\Users\89190\.nuget\packages\system.identitymodel.tokens.jwt\6.35.0\lib\net6.0\System.IdentityModel.Tokens.Jwt.dll]的引用。 [D:\git仓库\个人工具箱\src\ArasToolkit.App\ArasToolkit.App.csproj]
C:\Program Files\dotnet\sdk\10.0.301\Microsoft.Common.CurrentVersion.targets(2453,5): warning MSB3277:         C:\Users\89190\.nuget\packages\system.identitymodel.tokens.jwt\6.35.0\lib\net6.0\System.IdentityModel.Tokens.Jwt.dll [D:\git仓库\个人工具箱\src\ArasToolkit.App\ArasToolkit.App.csproj]
C:\Program Files\dotnet\sdk\10.0.301\Microsoft.Common.CurrentVersion.targets(2453,5): warning MSB3277:           导致引用“C:\Users\89190\.nuget\packages\system.identitymodel.tokens.jwt\6.35.0\lib\net6.0\System.IdentityModel.Tokens.Jwt.dll”的项目文件项 Include 特性。 [D:\git仓库\个人工具箱\src\ArasToolkit.App\ArasToolkit.App.csproj]
C:\Program Files\dotnet\sdk\10.0.301\Microsoft.Common.CurrentVersion.targets(2453,5): warning MSB3277:             C:\Users\89190\.nuget\packages\system.identitymodel.tokens.jwt\6.35.0\lib\net6.0\System.IdentityModel.Tokens.Jwt.dll [D:\git仓库\个人工具箱\src\ArasToolkit.App\ArasToolkit.App.csproj]
C:\Program Files\dotnet\sdk\10.0.301\Microsoft.Common.CurrentVersion.targets(2453,5): warning MSB3277:     依赖于或已统一到“System.IdentityModel.Tokens.Jwt, Version=7.5.1.0, Culture=neutral, PublicKeyToken=31bf3856ad364e35”[] 的引用。 [D:\git仓库\个人工具箱\src\ArasToolkit.App\ArasToolkit.App.csproj]
C:\Program Files\dotnet\sdk\10.0.301\Microsoft.Common.CurrentVersion.targets(2453,5): warning MSB3277:         D:\git仓库\个人工具箱\src\ArasToolkit.Services\bin\Debug\net8.0\IOM.dll [D:\git仓库\个人工具箱\src\ArasToolkit.App\ArasToolkit.App.csproj]
C:\Program Files\dotnet\sdk\10.0.301\Microsoft.Common.CurrentVersion.targets(2453,5): warning MSB3277:           导致引用“D:\git仓库\个人工具箱\src\ArasToolkit.Services\bin\Debug\net8.0\IOM.dll”的项目文件项 Include 特性。 [D:\git仓库\个人工具箱\src\ArasToolkit.App\ArasToolkit.App.csproj]
C:\Program Files\dotnet\sdk\10.0.301\Microsoft.Common.CurrentVersion.targets(2453,5): warning MSB3277:             D:\git仓库\个人工具箱\src\ArasToolkit.Services\bin\Debug\net8.0\ArasToolkit.Services.dll [D:\git仓库\个人工具箱\src\ArasToolkit.App\ArasToolkit.App.csproj]
C:\Program Files\dotnet\sdk\10.0.301\Microsoft.Common.CurrentVersion.targets(2453,5): warning MSB3277: 发现无法解析的“Microsoft.IdentityModel.Tokens”的不同版本之间存在冲突。 [D:\git仓库\个人工具箱\src\ArasToolkit.App\ArasToolkit.App.csproj]
C:\Program Files\dotnet\sdk\10.0.301\Microsoft.Common.CurrentVersion.targets(2453,5): warning MSB3277: “Microsoft.IdentityModel.Tokens, Version=6.35.0.0, Culture=neutral, PublicKeyToken=31bf3856ad364e35”与“Microsoft.IdentityModel.Tokens, Version=7.5.1.0, Culture=neutral, PublicKeyToken=31bf3856ad364e35”之间存在冲突。 [D:\git仓库\个人工具箱\src\ArasToolkit.App\ArasToolkit.App.csproj]
C:\Program Files\dotnet\sdk\10.0.301\Microsoft.Common.CurrentVersion.targets(2453,5): warning MSB3277:     已选择“Microsoft.IdentityModel.Tokens, Version=6.35.0.0, Culture=neutral, PublicKeyToken=31bf3856ad364e35”，因为它是主版本而“Microsoft.IdentityModel.Tokens, Version=7.5.1.0, Culture=neutral, PublicKeyToken=31bf3856ad364e35”不是。 [D:\git仓库\个人工具箱\src\ArasToolkit.App\ArasToolkit.App.csproj]
C:\Program Files\dotnet\sdk\10.0.301\Microsoft.Common.CurrentVersion.targets(2453,5): warning MSB3277:     依赖于“Microsoft.IdentityModel.Tokens, Version=6.35.0.0, Culture=neutral, PublicKeyToken=31bf3856ad364e35”[C:\Users\89190\.nuget\packages\microsoft.identitymodel.tokens\6.35.0\lib\net6.0\Microsoft.IdentityModel.Tokens.dll]的引用。 [D:\git仓库\个人工具箱\src\ArasToolkit.App\ArasToolkit.App.csproj]
C:\Program Files\dotnet\sdk\10.0.301\Microsoft.Common.CurrentVersion.targets(2453,5): warning MSB3277:         C:\Users\89190\.nuget\packages\microsoft.identitymodel.tokens\6.35.0\lib\net6.0\Microsoft.IdentityModel.Tokens.dll [D:\git仓库\个人工具箱\src\ArasToolkit.App\ArasToolkit.App.csproj]
C:\Program Files\dotnet\sdk\10.0.301\Microsoft.Common.CurrentVersion.targets(2453,5): warning MSB3277:           导致引用“C:\Users\89190\.nuget\packages\microsoft.identitymodel.tokens\6.35.0\lib\net6.0\Microsoft.IdentityModel.Tokens.dll”的项目文件项 Include 特性。 [D:\git仓库\个人工具箱\src\ArasToolkit.App\ArasToolkit.App.csproj]
C:\Program Files\dotnet\sdk\10.0.301\Microsoft.Common.CurrentVersion.targets(2453,5): warning MSB3277:             C:\Users\89190\.nuget\packages\microsoft.identitymodel.tokens\6.35.0\lib\net6.0\Microsoft.IdentityModel.Tokens.dll [D:\git仓库\个人工具箱\src\ArasToolkit.App\ArasToolkit.App.csproj]
C:\Program Files\dotnet\sdk\10.0.301\Microsoft.Common.CurrentVersion.targets(2453,5): warning MSB3277:     依赖于或已统一到“Microsoft.IdentityModel.Tokens, Version=7.5.1.0, Culture=neutral, PublicKeyToken=31bf3856ad364e35”[] 的引用。 [D:\git仓库\个人工具箱\src\ArasToolkit.App\ArasToolkit.App.csproj]
C:\Program Files\dotnet\sdk\10.0.301\Microsoft.Common.CurrentVersion.targets(2453,5): warning MSB3277:         D:\git仓库\个人工具箱\src\ArasToolkit.Services\bin\Debug\net8.0\IOM.dll [D:\git仓库\个人工具箱\src\ArasToolkit.App\ArasToolkit.App.csproj]
C:\Program Files\dotnet\sdk\10.0.301\Microsoft.Common.CurrentVersion.targets(2453,5): warning MSB3277:           导致引用“D:\git仓库\个人工具箱\src\ArasToolkit.Services\bin\Debug\net8.0\IOM.dll”的项目文件项 Include 特性。 [D:\git仓库\个人工具箱\src\ArasToolkit.App\ArasToolkit.App.csproj]
C:\Program Files\dotnet\sdk\10.0.301\Microsoft.Common.CurrentVersion.targets(2453,5): warning MSB3277:             D:\git仓库\个人工具箱\src\ArasToolkit.Services\bin\Debug\net8.0\ArasToolkit.Services.dll [D:\git仓库\个人工具箱\src\ArasToolkit.App\ArasToolkit.App.csproj]
C:\Program Files\dotnet\sdk\10.0.301\Microsoft.Common.CurrentVersion.targets(5096,5): warning MSB3026: 无法将“D:\git仓库\个人工具箱\src\ArasToolkit.Services\bin\Debug\net8.0\ArasToolkit.Services.dll”复制到“bin\Debug\net8.0-windows\ArasToolkit.Services.dll”。1000 毫秒后将开始第 1 次重试。The process cannot access the file 'D:\git仓库\个人工具箱\src\ArasToolkit.App\bin\Debug\net8.0-windows\ArasToolkit.Services.dll' because it is being used by another process. 文件被“ArasToolkit.App (29608)”锁定。 [D:\git仓库\个人工具箱\src\ArasToolkit.App\ArasToolkit.App.csproj]
C:\Program Files\dotnet\sdk\10.0.301\Microsoft.Common.CurrentVersion.targets(5096,5): warning MSB3026: 无法将“C:\Users\89190\.nuget\packages\microsoft.identity.client\4.61.3\lib\net6.0\Microsoft.Identity.Client.dll”复制到“bin\Debug\net8.0-windows\Microsoft.Identity.Client.dll”。1000 毫秒后将开始第 1 次重试。The process cannot access the file 'D:\git仓库\个人工具箱\src\ArasToolkit.App\bin\Debug\net8.0-windows\Microsoft.Identity.Client.dll' because it is being used by another process. 文件被“ArasToolkit.App (29608)”锁定。 [D:\git仓库\个人工具箱\src\ArasToolkit.App\ArasToolkit.App.csproj]
C:\Program Files\dotnet\sdk\10.0.301\Microsoft.Common.CurrentVersion.targets(5096,5): warning MSB3026: 无法将“D:\git仓库\个人工具箱\src\ArasToolkit.Core\bin\Debug\net8.0\ArasToolkit.Core.dll”复制到“bin\Debug\net8.0-windows\ArasToolkit.Core.dll”。1000 毫秒后将开始第 1 次重试。The process cannot access the file 'D:\git仓库\个人工具箱\src\ArasToolkit.App\bin\Debug\net8.0-windows\ArasToolkit.Core.dll' because it is being used by another process. 文件被“ArasToolkit.App (29608)”锁定。 [D:\git仓库\个人工具箱\src\ArasToolkit.App\ArasToolkit.App.csproj]
C:\Program Files\dotnet\sdk\10.0.301\Microsoft.Common.CurrentVersion.targets(5096,5): warning MSB3026: 无法将“C:\Users\89190\.nuget\packages\microsoft.sqlserver.server\1.0.0\lib\netstandard2.0\Microsoft.SqlServer.Server.dll”复制到“bin\Debug\net8.0-windows\Microsoft.SqlServer.Server.dll”。1000 毫秒后将开始第 1 次重试。The process cannot access the file 'D:\git仓库\个人工具箱\src\ArasToolkit.App\bin\Debug\net8.0-windows\Microsoft.SqlServer.Server.dll' because it is being used by another process. 文件被“ArasToolkit.App (29608)”锁定。 [D:\git仓库\个人工具箱\src\ArasToolkit.App\ArasToolkit.App.csproj]
C:\Program Files\dotnet\sdk\10.0.301\Microsoft.Common.CurrentVersion.targets(5096,5): warning MSB3026: 无法将“D:\git仓库\个人工具箱\src\ArasToolkit.Services\bin\Debug\net8.0\ArasToolkit.Services.dll”复制到“bin\Debug\net8.0-windows\ArasToolkit.Services.dll”。1000 毫秒后将开始第 2 次重试。The process cannot access the file 'D:\git仓库\个人工具箱\src\ArasToolkit.App\bin\Debug\net8.0-windows\ArasToolkit.Services.dll' because it is being used by another process. 文件被“ArasToolkit.App (29608)”锁定。 [D:\git仓库\个人工具箱\src\ArasToolkit.App\ArasToolkit.App.csproj]
C:\Program Files\dotnet\sdk\10.0.301\Microsoft.Common.CurrentVersion.targets(5096,5): warning MSB3026: 无法将“C:\Users\89190\.nuget\packages\microsoft.sqlserver.server\1.0.0\lib\netstandard2.0\Microsoft.SqlServer.Server.dll”复制到“bin\Debug\net8.0-windows\Microsoft.SqlServer.Server.dll”。1000 毫秒后将开始第 2 次重试。The process cannot access the file 'D:\git仓库\个人工具箱\src\ArasToolkit.App\bin\Debug\net8.0-windows\Microsoft.SqlServer.Server.dll' because it is being used by another process. 文件被“ArasToolkit.App (29608)”锁定。 [D:\git仓库\个人工具箱\src\ArasToolkit.App\ArasToolkit.App.csproj]
C:\Program Files\dotnet\sdk\10.0.301\Microsoft.Common.CurrentVersion.targets(5096,5): warning MSB3026: 无法将“D:\git仓库\个人工具箱\src\ArasToolkit.Core\bin\Debug\net8.0\ArasToolkit.Core.dll”复制到“bin\Debug\net8.0-windows\ArasToolkit.Core.dll”。1000 毫秒后将开始第 2 次重试。The process cannot access the file 'D:\git仓库\个人工具箱\src\ArasToolkit.App\bin\Debug\net8.0-windows\ArasToolkit.Core.dll' because it is being used by another process. 文件被“ArasToolkit.App (29608)”锁定。 [D:\git仓库\个人工具箱\src\ArasToolkit.App\ArasToolkit.App.csproj]
C:\Program Files\dotnet\sdk\10.0.301\Microsoft.Common.CurrentVersion.targets(5096,5): warning MSB3026: 无法将“C:\Users\89190\.nuget\packages\microsoft.identity.client\4.61.3\lib\net6.0\Microsoft.Identity.Client.dll”复制到“bin\Debug\net8.0-windows\Microsoft.Identity.Client.dll”。1000 毫秒后将开始第 2 次重试。The process cannot access the file 'D:\git仓库\个人工具箱\src\ArasToolkit.App\bin\Debug\net8.0-windows\Microsoft.Identity.Client.dll' because it is being used by another process. 文件被“ArasToolkit.App (29608)”锁定。 [D:\git仓库\个人工具箱\src\ArasToolkit.App\ArasToolkit.App.csproj]
C:\Program Files\dotnet\sdk\10.0.301\Microsoft.Common.CurrentVersion.targets(5096,5): warning MSB3026: 无法将“D:\git仓库\个人工具箱\src\ArasToolkit.Services\bin\Debug\net8.0\ArasToolkit.Services.dll”复制到“bin\Debug\net8.0-windows\ArasToolkit.Services.dll”。1000 毫秒后将开始第 3 次重试。The process cannot access the file 'D:\git仓库\个人工具箱\src\ArasToolkit.App\bin\Debug\net8.0-windows\ArasToolkit.Services.dll' because it is being used by another process. 文件被“ArasToolkit.App (29608)”锁定。 [D:\git仓库\个人工具箱\src\ArasToolkit.App\ArasToolkit.App.csproj]
C:\Program Files\dotnet\sdk\10.0.301\Microsoft.Common.CurrentVersion.targets(5096,5): warning MSB3026: 无法将“C:\Users\89190\.nuget\packages\microsoft.sqlserver.server\1.0.0\lib\netstandard2.0\Microsoft.SqlServer.Server.dll”复制到“bin\Debug\net8.0-windows\Microsoft.SqlServer.Server.dll”。1000 毫秒后将开始第 3 次重试。The process cannot access the file 'D:\git仓库\个人工具箱\src\ArasToolkit.App\bin\Debug\net8.0-windows\Microsoft.SqlServer.Server.dll' because it is being used by another process. 文件被“ArasToolkit.App (29608)”锁定。 [D:\git仓库\个人工具箱\src\ArasToolkit.App\ArasToolkit.App.csproj]
C:\Program Files\dotnet\sdk\10.0.301\Microsoft.Common.CurrentVersion.targets(5096,5): warning MSB3026: 无法将“C:\Users\89190\.nuget\packages\microsoft.identity.client\4.61.3\lib\net6.0\Microsoft.Identity.Client.dll”复制到“bin\Debug\net8.0-windows\Microsoft.Identity.Client.dll”。1000 毫秒后将开始第 3 次重试。The process cannot access the file 'D:\git仓库\个人工具箱\src\ArasToolkit.App\bin\Debug\net8.0-windows\Microsoft.Identity.Client.dll' because it is being used by another process. 文件被“ArasToolkit.App (29608)”锁定。 [D:\git仓库\个人工具箱\src\ArasToolkit.App\ArasToolkit.App.csproj]
C:\Program Files\dotnet\sdk\10.0.301\Microsoft.Common.CurrentVersion.targets(5096,5): warning MSB3026: 无法将“D:\git仓库\个人工具箱\src\ArasToolkit.Core\bin\Debug\net8.0\ArasToolkit.Core.dll”复制到“bin\Debug\net8.0-windows\ArasToolkit.Core.dll”。1000 毫秒后将开始第 3 次重试。The process cannot access the file 'D:\git仓库\个人工具箱\src\ArasToolkit.App\bin\Debug\net8.0-windows\ArasToolkit.Core.dll' because it is being used by another process. 文件被“ArasToolkit.App (29608)”锁定。 [D:\git仓库\个人工具箱\src\ArasToolkit.App\ArasToolkit.App.csproj]
C:\Program Files\dotnet\sdk\10.0.301\Microsoft.Common.CurrentVersion.targets(5096,5): warning MSB3026: 无法将“C:\Users\89190\.nuget\packages\microsoft.identity.client\4.61.3\lib\net6.0\Microsoft.Identity.Client.dll”复制到“bin\Debug\net8.0-windows\Microsoft.Identity.Client.dll”。1000 毫秒后将开始第 4 次重试。The process cannot access the file 'D:\git仓库\个人工具箱\src\ArasToolkit.App\bin\Debug\net8.0-windows\Microsoft.Identity.Client.dll' because it is being used by another process. 文件被“ArasToolkit.App (29608)”锁定。 [D:\git仓库\个人工具箱\src\ArasToolkit.App\ArasToolkit.App.csproj]
C:\Program Files\dotnet\sdk\10.0.301\Microsoft.Common.CurrentVersion.targets(5096,5): warning MSB3026: 无法将“C:\Users\89190\.nuget\packages\microsoft.sqlserver.server\1.0.0\lib\netstandard2.0\Microsoft.SqlServer.Server.dll”复制到“bin\Debug\net8.0-windows\Microsoft.SqlServer.Server.dll”。1000 毫秒后将开始第 4 次重试。The process cannot access the file 'D:\git仓库\个人工具箱\src\ArasToolkit.App\bin\Debug\net8.0-windows\Microsoft.SqlServer.Server.dll' because it is being used by another process. 文件被“ArasToolkit.App (29608)”锁定。 [D:\git仓库\个人工具箱\src\ArasToolkit.App\ArasToolkit.App.csproj]
C:\Program Files\dotnet\sdk\10.0.301\Microsoft.Common.CurrentVersion.targets(5096,5): warning MSB3026: 无法将“D:\git仓库\个人工具箱\src\ArasToolkit.Services\bin\Debug\net8.0\ArasToolkit.Services.dll”复制到“bin\Debug\net8.0-windows\ArasToolkit.Services.dll”。1000 毫秒后将开始第 4 次重试。The process cannot access the file 'D:\git仓库\个人工具箱\src\ArasToolkit.App\bin\Debug\net8.0-windows\ArasToolkit.Services.dll' because it is being used by another process. 文件被“ArasToolkit.App (29608)”锁定。 [D:\git仓库\个人工具箱\src\ArasToolkit.App\ArasToolkit.App.csproj]
C:\Program Files\dotnet\sdk\10.0.301\Microsoft.Common.CurrentVersion.targets(5096,5): warning MSB3026: 无法将“D:\git仓库\个人工具箱\src\ArasToolkit.Core\bin\Debug\net8.0\ArasToolkit.Core.dll”复制到“bin\Debug\net8.0-windows\ArasToolkit.Core.dll”。1000 毫秒后将开始第 4 次重试。The process cannot access the file 'D:\git仓库\个人工具箱\src\ArasToolkit.App\bin\Debug\net8.0-windows\ArasToolkit.Core.dll' because it is being used by another process. 文件被“ArasToolkit.App (29608)”锁定。 [D:\git仓库\个人工具箱\src\ArasToolkit.App\ArasToolkit.App.csproj]
C:\Program Files\dotnet\sdk\10.0.301\Microsoft.Common.CurrentVersion.targets(5096,5): warning MSB3026: 无法将“C:\Users\89190\.nuget\packages\microsoft.identity.client\4.61.3\lib\net6.0\Microsoft.Identity.Client.dll”复制到“bin\Debug\net8.0-windows\Microsoft.Identity.Client.dll”。1000 毫秒后将开始第 5 次重试。The process cannot access the file 'D:\git仓库\个人工具箱\src\ArasToolkit.App\bin\Debug\net8.0-windows\Microsoft.Identity.Client.dll' because it is being used by another process. 文件被“ArasToolkit.App (29608)”锁定。 [D:\git仓库\个人工具箱\src\ArasToolkit.App\ArasToolkit.App.csproj]
C:\Program Files\dotnet\sdk\10.0.301\Microsoft.Common.CurrentVersion.targets(5096,5): warning MSB3026: 无法将“C:\Users\89190\.nuget\packages\microsoft.sqlserver.server\1.0.0\lib\netstandard2.0\Microsoft.SqlServer.Server.dll”复制到“bin\Debug\net8.0-windows\Microsoft.SqlServer.Server.dll”。1000 毫秒后将开始第 5 次重试。The process cannot access the file 'D:\git仓库\个人工具箱\src\ArasToolkit.App\bin\Debug\net8.0-windows\Microsoft.SqlServer.Server.dll' because it is being used by another process. 文件被“ArasToolkit.App (29608)”锁定。 [D:\git仓库\个人工具箱\src\ArasToolkit.App\ArasToolkit.App.csproj]
C:\Program Files\dotnet\sdk\10.0.301\Microsoft.Common.CurrentVersion.targets(5096,5): warning MSB3026: 无法将“D:\git仓库\个人工具箱\src\ArasToolkit.Services\bin\Debug\net8.0\ArasToolkit.Services.dll”复制到“bin\Debug\net8.0-windows\ArasToolkit.Services.dll”。1000 毫秒后将开始第 5 次重试。The process cannot access the file 'D:\git仓库\个人工具箱\src\ArasToolkit.App\bin\Debug\net8.0-windows\ArasToolkit.Services.dll' because it is being used by another process. 文件被“ArasToolkit.App (29608)”锁定。 [D:\git仓库\个人工具箱\src\ArasToolkit.App\ArasToolkit.App.csproj]
C:\Program Files\dotnet\sdk\10.0.301\Microsoft.Common.CurrentVersion.targets(5096,5): warning MSB3026: 无法将“D:\git仓库\个人工具箱\src\ArasToolkit.Core\bin\Debug\net8.0\ArasToolkit.Core.dll”复制到“bin\Debug\net8.0-windows\ArasToolkit.Core.dll”。1000 毫秒后将开始第 5 次重试。The process cannot access the file 'D:\git仓库\个人工具箱\src\ArasToolkit.App\bin\Debug\net8.0-windows\ArasToolkit.Core.dll' because it is being used by another process. 文件被“ArasToolkit.App (29608)”锁定。 [D:\git仓库\个人工具箱\src\ArasToolkit.App\ArasToolkit.App.csproj]
C:\Program Files\dotnet\sdk\10.0.301\Microsoft.Common.CurrentVersion.targets(5096,5): warning MSB3026: 无法将“C:\Users\89190\.nuget\packages\microsoft.identity.client\4.61.3\lib\net6.0\Microsoft.Identity.Client.dll”复制到“bin\Debug\net8.0-windows\Microsoft.Identity.Client.dll”。1000 毫秒后将开始第 6 次重试。The process cannot access the file 'D:\git仓库\个人工具箱\src\ArasToolkit.App\bin\Debug\net8.0-windows\Microsoft.Identity.Client.dll' because it is being used by another process. 文件被“ArasToolkit.App (29608)”锁定。 [D:\git仓库\个人工具箱\src\ArasToolkit.App\ArasToolkit.App.csproj]
C:\Program Files\dotnet\sdk\10.0.301\Microsoft.Common.CurrentVersion.targets(5096,5): warning MSB3026: 无法将“C:\Users\89190\.nuget\packages\microsoft.sqlserver.server\1.0.0\lib\netstandard2.0\Microsoft.SqlServer.Server.dll”复制到“bin\Debug\net8.0-windows\Microsoft.SqlServer.Server.dll”。1000 毫秒后将开始第 6 次重试。The process cannot access the file 'D:\git仓库\个人工具箱\src\ArasToolkit.App\bin\Debug\net8.0-windows\Microsoft.SqlServer.Server.dll' because it is being used by another process. 文件被“ArasToolkit.App (29608)”锁定。 [D:\git仓库\个人工具箱\src\ArasToolkit.App\ArasToolkit.App.csproj]
C:\Program Files\dotnet\sdk\10.0.301\Microsoft.Common.CurrentVersion.targets(5096,5): warning MSB3026: 无法将“D:\git仓库\个人工具箱\src\ArasToolkit.Core\bin\Debug\net8.0\ArasToolkit.Core.dll”复制到“bin\Debug\net8.0-windows\ArasToolkit.Core.dll”。1000 毫秒后将开始第 6 次重试。The process cannot access the file 'D:\git仓库\个人工具箱\src\ArasToolkit.App\bin\Debug\net8.0-windows\ArasToolkit.Core.dll' because it is being used by another process. 文件被“ArasToolkit.App (29608)”锁定。 [D:\git仓库\个人工具箱\src\ArasToolkit.App\ArasToolkit.App.csproj]
C:\Program Files\dotnet\sdk\10.0.301\Microsoft.Common.CurrentVersion.targets(5096,5): warning MSB3026: 无法将“D:\git仓库\个人工具箱\src\ArasToolkit.Services\bin\Debug\net8.0\ArasToolkit.Services.dll”复制到“bin\Debug\net8.0-windows\ArasToolkit.Services.dll”。1000 毫秒后将开始第 6 次重试。The process cannot access the file 'D:\git仓库\个人工具箱\src\ArasToolkit.App\bin\Debug\net8.0-windows\ArasToolkit.Services.dll' because it is being used by another process. 文件被“ArasToolkit.App (29608)”锁定。 [D:\git仓库\个人工具箱\src\ArasToolkit.App\ArasToolkit.App.csproj]
C:\Program Files\dotnet\sdk\10.0.301\Microsoft.Common.CurrentVersion.targets(5096,5): warning MSB3026: 无法将“C:\Users\89190\.nuget\packages\microsoft.identity.client\4.61.3\lib\net6.0\Microsoft.Identity.Client.dll”复制到“bin\Debug\net8.0-windows\Microsoft.Identity.Client.dll”。1000 毫秒后将开始第 7 次重试。The process cannot access the file 'D:\git仓库\个人工具箱\src\ArasToolkit.App\bin\Debug\net8.0-windows\Microsoft.Identity.Client.dll' because it is being used by another process. 文件被“ArasToolkit.App (29608)”锁定。 [D:\git仓库\个人工具箱\src\ArasToolkit.App\ArasToolkit.App.csproj]
C:\Program Files\dotnet\sdk\10.0.301\Microsoft.Common.CurrentVersion.targets(5096,5): warning MSB3026: 无法将“C:\Users\89190\.nuget\packages\microsoft.sqlserver.server\1.0.0\lib\netstandard2.0\Microsoft.SqlServer.Server.dll”复制到“bin\Debug\net8.0-windows\Microsoft.SqlServer.Server.dll”。1000 毫秒后将开始第 7 次重试。The process cannot access the file 'D:\git仓库\个人工具箱\src\ArasToolkit.App\bin\Debug\net8.0-windows\Microsoft.SqlServer.Server.dll' because it is being used by another process. 文件被“ArasToolkit.App (29608)”锁定。 [D:\git仓库\个人工具箱\src\ArasToolkit.App\ArasToolkit.App.csproj]
C:\Program Files\dotnet\sdk\10.0.301\Microsoft.Common.CurrentVersion.targets(5096,5): warning MSB3026: 无法将“D:\git仓库\个人工具箱\src\ArasToolkit.Services\bin\Debug\net8.0\ArasToolkit.Services.dll”复制到“bin\Debug\net8.0-windows\ArasToolkit.Services.dll”。1000 毫秒后将开始第 7 次重试。The process cannot access the file 'D:\git仓库\个人工具箱\src\ArasToolkit.App\bin\Debug\net8.0-windows\ArasToolkit.Services.dll' because it is being used by another process. 文件被“ArasToolkit.App (29608)”锁定。 [D:\git仓库\个人工具箱\src\ArasToolkit.App\ArasToolkit.App.csproj]
C:\Program Files\dotnet\sdk\10.0.301\Microsoft.Common.CurrentVersion.targets(5096,5): warning MSB3026: 无法将“D:\git仓库\个人工具箱\src\ArasToolkit.Core\bin\Debug\net8.0\ArasToolkit.Core.dll”复制到“bin\Debug\net8.0-windows\ArasToolkit.Core.dll”。1000 毫秒后将开始第 7 次重试。The process cannot access the file 'D:\git仓库\个人工具箱\src\ArasToolkit.App\bin\Debug\net8.0-windows\ArasToolkit.Core.dll' because it is being used by another process. 文件被“ArasToolkit.App (29608)”锁定。 [D:\git仓库\个人工具箱\src\ArasToolkit.App\ArasToolkit.App.csproj]
C:\Program Files\dotnet\sdk\10.0.301\Microsoft.Common.CurrentVersion.targets(5096,5): warning MSB3026: 无法将“C:\Users\89190\.nuget\packages\microsoft.identity.client\4.61.3\lib\net6.0\Microsoft.Identity.Client.dll”复制到“bin\Debug\net8.0-windows\Microsoft.Identity.Client.dll”。1000 毫秒后将开始第 8 次重试。The process cannot access the file 'D:\git仓库\个人工具箱\src\ArasToolkit.App\bin\Debug\net8.0-windows\Microsoft.Identity.Client.dll' because it is being used by another process. 文件被“ArasToolkit.App (29608)”锁定。 [D:\git仓库\个人工具箱\src\ArasToolkit.App\ArasToolkit.App.csproj]
C:\Program Files\dotnet\sdk\10.0.301\Microsoft.Common.CurrentVersion.targets(5096,5): warning MSB3026: 无法将“C:\Users\89190\.nuget\packages\microsoft.sqlserver.server\1.0.0\lib\netstandard2.0\Microsoft.SqlServer.Server.dll”复制到“bin\Debug\net8.0-windows\Microsoft.SqlServer.Server.dll”。1000 毫秒后将开始第 8 次重试。The process cannot access the file 'D:\git仓库\个人工具箱\src\ArasToolkit.App\bin\Debug\net8.0-windows\Microsoft.SqlServer.Server.dll' because it is being used by another process. 文件被“ArasToolkit.App (29608)”锁定。 [D:\git仓库\个人工具箱\src\ArasToolkit.App\ArasToolkit.App.csproj]
C:\Program Files\dotnet\sdk\10.0.301\Microsoft.Common.CurrentVersion.targets(5096,5): warning MSB3026: 无法将“D:\git仓库\个人工具箱\src\ArasToolkit.Services\bin\Debug\net8.0\ArasToolkit.Services.dll”复制到“bin\Debug\net8.0-windows\ArasToolkit.Services.dll”。1000 毫秒后将开始第 8 次重试。The process cannot access the file 'D:\git仓库\个人工具箱\src\ArasToolkit.App\bin\Debug\net8.0-windows\ArasToolkit.Services.dll' because it is being used by another process. 文件被“ArasToolkit.App (29608)”锁定。 [D:\git仓库\个人工具箱\src\ArasToolkit.App\ArasToolkit.App.csproj]
C:\Program Files\dotnet\sdk\10.0.301\Microsoft.Common.CurrentVersion.targets(5096,5): warning MSB3026: 无法将“D:\git仓库\个人工具箱\src\ArasToolkit.Core\bin\Debug\net8.0\ArasToolkit.Core.dll”复制到“bin\Debug\net8.0-windows\ArasToolkit.Core.dll”。1000 毫秒后将开始第 8 次重试。The process cannot access the file 'D:\git仓库\个人工具箱\src\ArasToolkit.App\bin\Debug\net8.0-windows\ArasToolkit.Core.dll' because it is being used by another process. 文件被“ArasToolkit.App (29608)”锁定。 [D:\git仓库\个人工具箱\src\ArasToolkit.App\ArasToolkit.App.csproj]
C:\Program Files\dotnet\sdk\10.0.301\Microsoft.Common.CurrentVersion.targets(5096,5): warning MSB3026: 无法将“C:\Users\89190\.nuget\packages\microsoft.identity.client\4.61.3\lib\net6.0\Microsoft.Identity.Client.dll”复制到“bin\Debug\net8.0-windows\Microsoft.Identity.Client.dll”。1000 毫秒后将开始第 9 次重试。The process cannot access the file 'D:\git仓库\个人工具箱\src\ArasToolkit.App\bin\Debug\net8.0-windows\Microsoft.Identity.Client.dll' because it is being used by another process. 文件被“ArasToolkit.App (29608)”锁定。 [D:\git仓库\个人工具箱\src\ArasToolkit.App\ArasToolkit.App.csproj]
C:\Program Files\dotnet\sdk\10.0.301\Microsoft.Common.CurrentVersion.targets(5096,5): warning MSB3026: 无法将“C:\Users\89190\.nuget\packages\microsoft.sqlserver.server\1.0.0\lib\netstandard2.0\Microsoft.SqlServer.Server.dll”复制到“bin\Debug\net8.0-windows\Microsoft.SqlServer.Server.dll”。1000 毫秒后将开始第 9 次重试。The process cannot access the file 'D:\git仓库\个人工具箱\src\ArasToolkit.App\bin\Debug\net8.0-windows\Microsoft.SqlServer.Server.dll' because it is being used by another process. 文件被“ArasToolkit.App (29608)”锁定。 [D:\git仓库\个人工具箱\src\ArasToolkit.App\ArasToolkit.App.csproj]
C:\Program Files\dotnet\sdk\10.0.301\Microsoft.Common.CurrentVersion.targets(5096,5): warning MSB3026: 无法将“D:\git仓库\个人工具箱\src\ArasToolkit.Services\bin\Debug\net8.0\ArasToolkit.Services.dll”复制到“bin\Debug\net8.0-windows\ArasToolkit.Services.dll”。1000 毫秒后将开始第 9 次重试。The process cannot access the file 'D:\git仓库\个人工具箱\src\ArasToolkit.App\bin\Debug\net8.0-windows\ArasToolkit.Services.dll' because it is being used by another process. 文件被“ArasToolkit.App (29608)”锁定。 [D:\git仓库\个人工具箱\src\ArasToolkit.App\ArasToolkit.App.csproj]
C:\Program Files\dotnet\sdk\10.0.301\Microsoft.Common.CurrentVersion.targets(5096,5): warning MSB3026: 无法将“D:\git仓库\个人工具箱\src\ArasToolkit.Core\bin\Debug\net8.0\ArasToolkit.Core.dll”复制到“bin\Debug\net8.0-windows\ArasToolkit.Core.dll”。1000 毫秒后将开始第 9 次重试。The process cannot access the file 'D:\git仓库\个人工具箱\src\ArasToolkit.App\bin\Debug\net8.0-windows\ArasToolkit.Core.dll' because it is being used by another process. 文件被“ArasToolkit.App (29608)”锁定。 [D:\git仓库\个人工具箱\src\ArasToolkit.App\ArasToolkit.App.csproj]
C:\Program Files\dotnet\sdk\10.0.301\Microsoft.Common.CurrentVersion.targets(5096,5): warning MSB3026: 无法将“C:\Users\89190\.nuget\packages\microsoft.identity.client\4.61.3\lib\net6.0\Microsoft.Identity.Client.dll”复制到“bin\Debug\net8.0-windows\Microsoft.Identity.Client.dll”。1000 毫秒后将开始第 10 次重试。The process cannot access the file 'D:\git仓库\个人工具箱\src\ArasToolkit.App\bin\Debug\net8.0-windows\Microsoft.Identity.Client.dll' because it is being used by another process. 文件被“ArasToolkit.App (29608)”锁定。 [D:\git仓库\个人工具箱\src\ArasToolkit.App\ArasToolkit.App.csproj]
C:\Program Files\dotnet\sdk\10.0.301\Microsoft.Common.CurrentVersion.targets(5096,5): warning MSB3026: 无法将“C:\Users\89190\.nuget\packages\microsoft.sqlserver.server\1.0.0\lib\netstandard2.0\Microsoft.SqlServer.Server.dll”复制到“bin\Debug\net8.0-windows\Microsoft.SqlServer.Server.dll”。1000 毫秒后将开始第 10 次重试。The process cannot access the file 'D:\git仓库\个人工具箱\src\ArasToolkit.App\bin\Debug\net8.0-windows\Microsoft.SqlServer.Server.dll' because it is being used by another process. 文件被“ArasToolkit.App (29608)”锁定。 [D:\git仓库\个人工具箱\src\ArasToolkit.App\ArasToolkit.App.csproj]
C:\Program Files\dotnet\sdk\10.0.301\Microsoft.Common.CurrentVersion.targets(5096,5): warning MSB3026: 无法将“D:\git仓库\个人工具箱\src\ArasToolkit.Services\bin\Debug\net8.0\ArasToolkit.Services.dll”复制到“bin\Debug\net8.0-windows\ArasToolkit.Services.dll”。1000 毫秒后将开始第 10 次重试。The process cannot access the file 'D:\git仓库\个人工具箱\src\ArasToolkit.App\bin\Debug\net8.0-windows\ArasToolkit.Services.dll' because it is being used by another process. 文件被“ArasToolkit.App (29608)”锁定。 [D:\git仓库\个人工具箱\src\ArasToolkit.App\ArasToolkit.App.csproj]
C:\Program Files\dotnet\sdk\10.0.301\Microsoft.Common.CurrentVersion.targets(5096,5): warning MSB3026: 无法将“D:\git仓库\个人工具箱\src\ArasToolkit.Core\bin\Debug\net8.0\ArasToolkit.Core.dll”复制到“bin\Debug\net8.0-windows\ArasToolkit.Core.dll”。1000 毫秒后将开始第 10 次重试。The process cannot access the file 'D:\git仓库\个人工具箱\src\ArasToolkit.App\bin\Debug\net8.0-windows\ArasToolkit.Core.dll' because it is being used by another process. 文件被“ArasToolkit.App (29608)”锁定。 [D:\git仓库\个人工具箱\src\ArasToolkit.App\ArasToolkit.App.csproj]
C:\Program Files\dotnet\sdk\10.0.301\Microsoft.Common.CurrentVersion.targets(5096,5): error MSB3027: 无法将“C:\Users\89190\.nuget\packages\microsoft.identity.client\4.61.3\lib\net6.0\Microsoft.Identity.Client.dll”复制到“bin\Debug\net8.0-windows\Microsoft.Identity.Client.dll”。超出了重试计数 10。失败。文件被“ArasToolkit.App (29608)”锁定。 [D:\git仓库\个人工具箱\src\ArasToolkit.App\ArasToolkit.App.csproj]
C:\Program Files\dotnet\sdk\10.0.301\Microsoft.Common.CurrentVersion.targets(5096,5): error MSB3021: 无法将文件“C:\Users\89190\.nuget\packages\microsoft.identity.client\4.61.3\lib\net6.0\Microsoft.Identity.Client.dll”复制到“bin\Debug\net8.0-windows\Microsoft.Identity.Client.dll”。The process cannot access the file 'D:\git仓库\个人工具箱\src\ArasToolkit.App\bin\Debug\net8.0-windows\Microsoft.Identity.Client.dll' because it is being used by another process. [D:\git仓库\个人工具箱\src\ArasToolkit.App\ArasToolkit.App.csproj]
C:\Program Files\dotnet\sdk\10.0.301\Microsoft.Common.CurrentVersion.targets(5096,5): error MSB3027: 无法将“C:\Users\89190\.nuget\packages\microsoft.sqlserver.server\1.0.0\lib\netstandard2.0\Microsoft.SqlServer.Server.dll”复制到“bin\Debug\net8.0-windows\Microsoft.SqlServer.Server.dll”。超出了重试计数 10。失败。文件被“ArasToolkit.App (29608)”锁定。 [D:\git仓库\个人工具箱\src\ArasToolkit.App\ArasToolkit.App.csproj]
C:\Program Files\dotnet\sdk\10.0.301\Microsoft.Common.CurrentVersion.targets(5096,5): error MSB3021: 无法将文件“C:\Users\89190\.nuget\packages\microsoft.sqlserver.server\1.0.0\lib\netstandard2.0\Microsoft.SqlServer.Server.dll”复制到“bin\Debug\net8.0-windows\Microsoft.SqlServer.Server.dll”。The process cannot access the file 'D:\git仓库\个人工具箱\src\ArasToolkit.App\bin\Debug\net8.0-windows\Microsoft.SqlServer.Server.dll' because it is being used by another process. [D:\git仓库\个人工具箱\src\ArasToolkit.App\ArasToolkit.App.csproj]
C:\Program Files\dotnet\sdk\10.0.301\Microsoft.Common.CurrentVersion.targets(5096,5): error MSB3027: 无法将“D:\git仓库\个人工具箱\src\ArasToolkit.Services\bin\Debug\net8.0\ArasToolkit.Services.dll”复制到“bin\Debug\net8.0-windows\ArasToolkit.Services.dll”。超出了重试计数 10。失败。文件被“ArasToolkit.App (29608)”锁定。 [D:\git仓库\个人工具箱\src\ArasToolkit.App\ArasToolkit.App.csproj]
C:\Program Files\dotnet\sdk\10.0.301\Microsoft.Common.CurrentVersion.targets(5096,5): error MSB3021: 无法将文件“D:\git仓库\个人工具箱\src\ArasToolkit.Services\bin\Debug\net8.0\ArasToolkit.Services.dll”复制到“bin\Debug\net8.0-windows\ArasToolkit.Services.dll”。The process cannot access the file 'D:\git仓库\个人工具箱\src\ArasToolkit.App\bin\Debug\net8.0-windows\ArasToolkit.Services.dll' because it is being used by another process. [D:\git仓库\个人工具箱\src\ArasToolkit.App\ArasToolkit.App.csproj]
C:\Program Files\dotnet\sdk\10.0.301\Microsoft.Common.CurrentVersion.targets(5096,5): error MSB3027: 无法将“D:\git仓库\个人工具箱\src\ArasToolkit.Core\bin\Debug\net8.0\ArasToolkit.Core.dll”复制到“bin\Debug\net8.0-windows\ArasToolkit.Core.dll”。超出了重试计数 10。失败。文件被“ArasToolkit.App (29608)”锁定。 [D:\git仓库\个人工具箱\src\ArasToolkit.App\ArasToolkit.App.csproj]
C:\Program Files\dotnet\sdk\10.0.301\Microsoft.Common.CurrentVersion.targets(5096,5): error MSB3021: 无法将文件“D:\git仓库\个人工具箱\src\ArasToolkit.Core\bin\Debug\net8.0\ArasToolkit.Core.dll”复制到“bin\Debug\net8.0-windows\ArasToolkit.Core.dll”。The process cannot access the file 'D:\git仓库\个人工具箱\src\ArasToolkit.App\bin\Debug\net8.0-windows\ArasToolkit.Core.dll' because it is being used by another process. [D:\git仓库\个人工具箱\src\ArasToolkit.App\ArasToolkit.App.csproj]

生成失败。

C:\Program Files\dotnet\sdk\10.0.301\Microsoft.Common.CurrentVersion.targets(2453,5): warning MSB3277: 发现无法解析的“System.IdentityModel.Tokens.Jwt”的不同版本之间存在冲突。 [D:\git仓库\个人工具箱\src\ArasToolkit.Services\ArasToolkit.Services.csproj]
C:\Program Files\dotnet\sdk\10.0.301\Microsoft.Common.CurrentVersion.targets(2453,5): warning MSB3277: “System.IdentityModel.Tokens.Jwt, Version=6.35.0.0, Culture=neutral, PublicKeyToken=31bf3856ad364e35”与“System.IdentityModel.Tokens.Jwt, Version=7.5.1.0, Culture=neutral, PublicKeyToken=31bf3856ad364e35”之间存在冲突。 [D:\git仓库\个人工具箱\src\ArasToolkit.Services\ArasToolkit.Services.csproj]
C:\Program Files\dotnet\sdk\10.0.301\Microsoft.Common.CurrentVersion.targets(2453,5): warning MSB3277:     已选择“System.IdentityModel.Tokens.Jwt, Version=6.35.0.0, Culture=neutral, PublicKeyToken=31bf3856ad364e35”，因为它是主版本而“System.IdentityModel.Tokens.Jwt, Version=7.5.1.0, Culture=neutral, PublicKeyToken=31bf3856ad364e35”不是。 [D:\git仓库\个人工具箱\src\ArasToolkit.Services\ArasToolkit.Services.csproj]
C:\Program Files\dotnet\sdk\10.0.301\Microsoft.Common.CurrentVersion.targets(2453,5): warning MSB3277:     依赖于“System.IdentityModel.Tokens.Jwt, Version=6.35.0.0, Culture=neutral, PublicKeyToken=31bf3856ad364e35”[C:\Users\89190\.nuget\packages\system.identitymodel.tokens.jwt\6.35.0\lib\net6.0\System.IdentityModel.Tokens.Jwt.dll]的引用。 [D:\git仓库\个人工具箱\src\ArasToolkit.Services\ArasToolkit.Services.csproj]
C:\Program Files\dotnet\sdk\10.0.301\Microsoft.Common.CurrentVersion.targets(2453,5): warning MSB3277:         C:\Users\89190\.nuget\packages\system.identitymodel.tokens.jwt\6.35.0\lib\net6.0\System.IdentityModel.Tokens.Jwt.dll [D:\git仓库\个人工具箱\src\ArasToolkit.Services\ArasToolkit.Services.csproj]
C:\Program Files\dotnet\sdk\10.0.301\Microsoft.Common.CurrentVersion.targets(2453,5): warning MSB3277:           导致引用“C:\Users\89190\.nuget\packages\system.identitymodel.tokens.jwt\6.35.0\lib\net6.0\System.IdentityModel.Tokens.Jwt.dll”的项目文件项 Include 特性。 [D:\git仓库\个人工具箱\src\ArasToolkit.Services\ArasToolkit.Services.csproj]
C:\Program Files\dotnet\sdk\10.0.301\Microsoft.Common.CurrentVersion.targets(2453,5): warning MSB3277:             C:\Users\89190\.nuget\packages\system.identitymodel.tokens.jwt\6.35.0\lib\net6.0\System.IdentityModel.Tokens.Jwt.dll [D:\git仓库\个人工具箱\src\ArasToolkit.Services\ArasToolkit.Services.csproj]
C:\Program Files\dotnet\sdk\10.0.301\Microsoft.Common.CurrentVersion.targets(2453,5): warning MSB3277:     依赖于或已统一到“System.IdentityModel.Tokens.Jwt, Version=7.5.1.0, Culture=neutral, PublicKeyToken=31bf3856ad364e35”[] 的引用。 [D:\git仓库\个人工具箱\src\ArasToolkit.Services\ArasToolkit.Services.csproj]
C:\Program Files\dotnet\sdk\10.0.301\Microsoft.Common.CurrentVersion.targets(2453,5): warning MSB3277:         D:\git仓库\个人工具箱\src\R37lib\IOM.dll [D:\git仓库\个人工具箱\src\ArasToolkit.Services\ArasToolkit.Services.csproj]
C:\Program Files\dotnet\sdk\10.0.301\Microsoft.Common.CurrentVersion.targets(2453,5): warning MSB3277:           导致引用“D:\git仓库\个人工具箱\src\R37lib\IOM.dll”的项目文件项 Include 特性。 [D:\git仓库\个人工具箱\src\ArasToolkit.Services\ArasToolkit.Services.csproj]
C:\Program Files\dotnet\sdk\10.0.301\Microsoft.Common.CurrentVersion.targets(2453,5): warning MSB3277:             IOM [D:\git仓库\个人工具箱\src\ArasToolkit.Services\ArasToolkit.Services.csproj]
C:\Program Files\dotnet\sdk\10.0.301\Microsoft.Common.CurrentVersion.targets(2453,5): warning MSB3277: 发现无法解析的“Microsoft.IdentityModel.Tokens”的不同版本之间存在冲突。 [D:\git仓库\个人工具箱\src\ArasToolkit.Services\ArasToolkit.Services.csproj]
C:\Program Files\dotnet\sdk\10.0.301\Microsoft.Common.CurrentVersion.targets(2453,5): warning MSB3277: “Microsoft.IdentityModel.Tokens, Version=6.35.0.0, Culture=neutral, PublicKeyToken=31bf3856ad364e35”与“Microsoft.IdentityModel.Tokens, Version=7.5.1.0, Culture=neutral, PublicKeyToken=31bf3856ad364e35”之间存在冲突。 [D:\git仓库\个人工具箱\src\ArasToolkit.Services\ArasToolkit.Services.csproj]
C:\Program Files\dotnet\sdk\10.0.301\Microsoft.Common.CurrentVersion.targets(2453,5): warning MSB3277:     已选择“Microsoft.IdentityModel.Tokens, Version=6.35.0.0, Culture=neutral, PublicKeyToken=31bf3856ad364e35”，因为它是主版本而“Microsoft.IdentityModel.Tokens, Version=7.5.1.0, Culture=neutral, PublicKeyToken=31bf3856ad364e35”不是。 [D:\git仓库\个人工具箱\src\ArasToolkit.Services\ArasToolkit.Services.csproj]
C:\Program Files\dotnet\sdk\10.0.301\Microsoft.Common.CurrentVersion.targets(2453,5): warning MSB3277:     依赖于“Microsoft.IdentityModel.Tokens, Version=6.35.0.0, Culture=neutral, PublicKeyToken=31bf3856ad364e35”[C:\Users\89190\.nuget\packages\microsoft.identitymodel.tokens\6.35.0\lib\net6.0\Microsoft.IdentityModel.Tokens.dll]的引用。 [D:\git仓库\个人工具箱\src\ArasToolkit.Services\ArasToolkit.Services.csproj]
C:\Program Files\dotnet\sdk\10.0.301\Microsoft.Common.CurrentVersion.targets(2453,5): warning MSB3277:         C:\Users\89190\.nuget\packages\microsoft.identitymodel.tokens\6.35.0\lib\net6.0\Microsoft.IdentityModel.Tokens.dll [D:\git仓库\个人工具箱\src\ArasToolkit.Services\ArasToolkit.Services.csproj]
C:\Program Files\dotnet\sdk\10.0.301\Microsoft.Common.CurrentVersion.targets(2453,5): warning MSB3277:           导致引用“C:\Users\89190\.nuget\packages\microsoft.identitymodel.tokens\6.35.0\lib\net6.0\Microsoft.IdentityModel.Tokens.dll”的项目文件项 Include 特性。 [D:\git仓库\个人工具箱\src\ArasToolkit.Services\ArasToolkit.Services.csproj]
C:\Program Files\dotnet\sdk\10.0.301\Microsoft.Common.CurrentVersion.targets(2453,5): warning MSB3277:             C:\Users\89190\.nuget\packages\microsoft.identitymodel.tokens\6.35.0\lib\net6.0\Microsoft.IdentityModel.Tokens.dll [D:\git仓库\个人工具箱\src\ArasToolkit.Services\ArasToolkit.Services.csproj]
C:\Program Files\dotnet\sdk\10.0.301\Microsoft.Common.CurrentVersion.targets(2453,5): warning MSB3277:     依赖于或已统一到“Microsoft.IdentityModel.Tokens, Version=7.5.1.0, Culture=neutral, PublicKeyToken=31bf3856ad364e35”[] 的引用。 [D:\git仓库\个人工具箱\src\ArasToolkit.Services\ArasToolkit.Services.csproj]
C:\Program Files\dotnet\sdk\10.0.301\Microsoft.Common.CurrentVersion.targets(2453,5): warning MSB3277:         D:\git仓库\个人工具箱\src\R37lib\IOM.dll [D:\git仓库\个人工具箱\src\ArasToolkit.Services\ArasToolkit.Services.csproj]
C:\Program Files\dotnet\sdk\10.0.301\Microsoft.Common.CurrentVersion.targets(2453,5): warning MSB3277:           导致引用“D:\git仓库\个人工具箱\src\R37lib\IOM.dll”的项目文件项 Include 特性。 [D:\git仓库\个人工具箱\src\ArasToolkit.Services\ArasToolkit.Services.csproj]
C:\Program Files\dotnet\sdk\10.0.301\Microsoft.Common.CurrentVersion.targets(2453,5): warning MSB3277:             IOM [D:\git仓库\个人工具箱\src\ArasToolkit.Services\ArasToolkit.Services.csproj]
C:\Program Files\dotnet\sdk\10.0.301\Microsoft.Common.CurrentVersion.targets(2453,5): warning MSB3277: 发现无法解析的“System.IdentityModel.Tokens.Jwt”的不同版本之间存在冲突。 [D:\git仓库\个人工具箱\src\ArasToolkit.App\ArasToolkit.App.csproj]
C:\Program Files\dotnet\sdk\10.0.301\Microsoft.Common.CurrentVersion.targets(2453,5): warning MSB3277: “System.IdentityModel.Tokens.Jwt, Version=6.35.0.0, Culture=neutral, PublicKeyToken=31bf3856ad364e35”与“System.IdentityModel.Tokens.Jwt, Version=7.5.1.0, Culture=neutral, PublicKeyToken=31bf3856ad364e35”之间存在冲突。 [D:\git仓库\个人工具箱\src\ArasToolkit.App\ArasToolkit.App.csproj]
C:\Program Files\dotnet\sdk\10.0.301\Microsoft.Common.CurrentVersion.targets(2453,5): warning MSB3277:     已选择“System.IdentityModel.Tokens.Jwt, Version=6.35.0.0, Culture=neutral, PublicKeyToken=31bf3856ad364e35”，因为它是主版本而“System.IdentityModel.Tokens.Jwt, Version=7.5.1.0, Culture=neutral, PublicKeyToken=31bf3856ad364e35”不是。 [D:\git仓库\个人工具箱\src\ArasToolkit.App\ArasToolkit.App.csproj]
C:\Program Files\dotnet\sdk\10.0.301\Microsoft.Common.CurrentVersion.targets(2453,5): warning MSB3277:     依赖于“System.IdentityModel.Tokens.Jwt, Version=6.35.0.0, Culture=neutral, PublicKeyToken=31bf3856ad364e35”[C:\Users\89190\.nuget\packages\system.identitymodel.tokens.jwt\6.35.0\lib\net6.0\System.IdentityModel.Tokens.Jwt.dll]的引用。 [D:\git仓库\个人工具箱\src\ArasToolkit.App\ArasToolkit.App.csproj]
C:\Program Files\dotnet\sdk\10.0.301\Microsoft.Common.CurrentVersion.targets(2453,5): warning MSB3277:         C:\Users\89190\.nuget\packages\system.identitymodel.tokens.jwt\6.35.0\lib\net6.0\System.IdentityModel.Tokens.Jwt.dll [D:\git仓库\个人工具箱\src\ArasToolkit.App\ArasToolkit.App.csproj]
C:\Program Files\dotnet\sdk\10.0.301\Microsoft.Common.CurrentVersion.targets(2453,5): warning MSB3277:           导致引用“C:\Users\89190\.nuget\packages\system.identitymodel.tokens.jwt\6.35.0\lib\net6.0\System.IdentityModel.Tokens.Jwt.dll”的项目文件项 Include 特性。 [D:\git仓库\个人工具箱\src\ArasToolkit.App\ArasToolkit.App.csproj]
C:\Program Files\dotnet\sdk\10.0.301\Microsoft.Common.CurrentVersion.targets(2453,5): warning MSB3277:             C:\Users\89190\.nuget\packages\system.identitymodel.tokens.jwt\6.35.0\lib\net6.0\System.IdentityModel.Tokens.Jwt.dll [D:\git仓库\个人工具箱\src\ArasToolkit.App\ArasToolkit.App.csproj]
C:\Program Files\dotnet\sdk\10.0.301\Microsoft.Common.CurrentVersion.targets(2453,5): warning MSB3277:     依赖于或已统一到“System.IdentityModel.Tokens.Jwt, Version=7.5.1.0, Culture=neutral, PublicKeyToken=31bf3856ad364e35”[] 的引用。 [D:\git仓库\个人工具箱\src\ArasToolkit.App\ArasToolkit.App.csproj]
C:\Program Files\dotnet\sdk\10.0.301\Microsoft.Common.CurrentVersion.targets(2453,5): warning MSB3277:         D:\git仓库\个人工具箱\src\ArasToolkit.Services\bin\Debug\net8.0\IOM.dll [D:\git仓库\个人工具箱\src\ArasToolkit.App\ArasToolkit.App.csproj]
C:\Program Files\dotnet\sdk\10.0.301\Microsoft.Common.CurrentVersion.targets(2453,5): warning MSB3277:           导致引用“D:\git仓库\个人工具箱\src\ArasToolkit.Services\bin\Debug\net8.0\IOM.dll”的项目文件项 Include 特性。 [D:\git仓库\个人工具箱\src\ArasToolkit.App\ArasToolkit.App.csproj]
C:\Program Files\dotnet\sdk\10.0.301\Microsoft.Common.CurrentVersion.targets(2453,5): warning MSB3277:             D:\git仓库\个人工具箱\src\ArasToolkit.Services\bin\Debug\net8.0\ArasToolkit.Services.dll [D:\git仓库\个人工具箱\src\ArasToolkit.App\ArasToolkit.App.csproj]
C:\Program Files\dotnet\sdk\10.0.301\Microsoft.Common.CurrentVersion.targets(2453,5): warning MSB3277: 发现无法解析的“Microsoft.IdentityModel.Tokens”的不同版本之间存在冲突。 [D:\git仓库\个人工具箱\src\ArasToolkit.App\ArasToolkit.App.csproj]
C:\Program Files\dotnet\sdk\10.0.301\Microsoft.Common.CurrentVersion.targets(2453,5): warning MSB3277: “Microsoft.IdentityModel.Tokens, Version=6.35.0.0, Culture=neutral, PublicKeyToken=31bf3856ad364e35”与“Microsoft.IdentityModel.Tokens, Version=7.5.1.0, Culture=neutral, PublicKeyToken=31bf3856ad364e35”之间存在冲突。 [D:\git仓库\个人工具箱\src\ArasToolkit.App\ArasToolkit.App.csproj]
C:\Program Files\dotnet\sdk\10.0.301\Microsoft.Common.CurrentVersion.targets(2453,5): warning MSB3277:     已选择“Microsoft.IdentityModel.Tokens, Version=6.35.0.0, Culture=neutral, PublicKeyToken=31bf3856ad364e35”，因为它是主版本而“Microsoft.IdentityModel.Tokens, Version=7.5.1.0, Culture=neutral, PublicKeyToken=31bf3856ad364e35”不是。 [D:\git仓库\个人工具箱\src\ArasToolkit.App\ArasToolkit.App.csproj]
C:\Program Files\dotnet\sdk\10.0.301\Microsoft.Common.CurrentVersion.targets(2453,5): warning MSB3277:     依赖于“Microsoft.IdentityModel.Tokens, Version=6.35.0.0, Culture=neutral, PublicKeyToken=31bf3856ad364e35”[C:\Users\89190\.nuget\packages\microsoft.identitymodel.tokens\6.35.0\lib\net6.0\Microsoft.IdentityModel.Tokens.dll]的引用。 [D:\git仓库\个人工具箱\src\ArasToolkit.App\ArasToolkit.App.csproj]
C:\Program Files\dotnet\sdk\10.0.301\Microsoft.Common.CurrentVersion.targets(2453,5): warning MSB3277:         C:\Users\89190\.nuget\packages\microsoft.identitymodel.tokens\6.35.0\lib\net6.0\Microsoft.IdentityModel.Tokens.dll [D:\git仓库\个人工具箱\src\ArasToolkit.App\ArasToolkit.App.csproj]
C:\Program Files\dotnet\sdk\10.0.301\Microsoft.Common.CurrentVersion.targets(2453,5): warning MSB3277:           导致引用“C:\Users\89190\.nuget\packages\microsoft.identitymodel.tokens\6.35.0\lib\net6.0\Microsoft.IdentityModel.Tokens.dll”的项目文件项 Include 特性。 [D:\git仓库\个人工具箱\src\ArasToolkit.App\ArasToolkit.App.csproj]
C:\Program Files\dotnet\sdk\10.0.301\Microsoft.Common.CurrentVersion.targets(2453,5): warning MSB3277:             C:\Users\89190\.nuget\packages\microsoft.identitymodel.tokens\6.35.0\lib\net6.0\Microsoft.IdentityModel.Tokens.dll [D:\git仓库\个人工具箱\src\ArasToolkit.App\ArasToolkit.App.csproj]
C:\Program Files\dotnet\sdk\10.0.301\Microsoft.Common.CurrentVersion.targets(2453,5): warning MSB3277:     依赖于或已统一到“Microsoft.IdentityModel.Tokens, Version=7.5.1.0, Culture=neutral, PublicKeyToken=31bf3856ad364e35”[] 的引用。 [D:\git仓库\个人工具箱\src\ArasToolkit.App\ArasToolkit.App.csproj]
C:\Program Files\dotnet\sdk\10.0.301\Microsoft.Common.CurrentVersion.targets(2453,5): warning MSB3277:         D:\git仓库\个人工具箱\src\ArasToolkit.Services\bin\Debug\net8.0\IOM.dll [D:\git仓库\个人工具箱\src\ArasToolkit.App\ArasToolkit.App.csproj]
C:\Program Files\dotnet\sdk\10.0.301\Microsoft.Common.CurrentVersion.targets(2453,5): warning MSB3277:           导致引用“D:\git仓库\个人工具箱\src\ArasToolkit.Services\bin\Debug\net8.0\IOM.dll”的项目文件项 Include 特性。 [D:\git仓库\个人工具箱\src\ArasToolkit.App\ArasToolkit.App.csproj]
C:\Program Files\dotnet\sdk\10.0.301\Microsoft.Common.CurrentVersion.targets(2453,5): warning MSB3277:             D:\git仓库\个人工具箱\src\ArasToolkit.Services\bin\Debug\net8.0\ArasToolkit.Services.dll [D:\git仓库\个人工具箱\src\ArasToolkit.App\ArasToolkit.App.csproj]
C:\Program Files\dotnet\sdk\10.0.301\Microsoft.Common.CurrentVersion.targets(5096,5): warning MSB3026: 无法将“D:\git仓库\个人工具箱\src\ArasToolkit.Services\bin\Debug\net8.0\ArasToolkit.Services.dll”复制到“bin\Debug\net8.0-windows\ArasToolkit.Services.dll”。1000 毫秒后将开始第 1 次重试。The process cannot access the file 'D:\git仓库\个人工具箱\src\ArasToolkit.App\bin\Debug\net8.0-windows\ArasToolkit.Services.dll' because it is being used by another process. 文件被“ArasToolkit.App (29608)”锁定。 [D:\git仓库\个人工具箱\src\ArasToolkit.App\ArasToolkit.App.csproj]
C:\Program Files\dotnet\sdk\10.0.301\Microsoft.Common.CurrentVersion.targets(5096,5): warning MSB3026: 无法将“C:\Users\89190\.nuget\packages\microsoft.identity.client\4.61.3\lib\net6.0\Microsoft.Identity.Client.dll”复制到“bin\Debug\net8.0-windows\Microsoft.Identity.Client.dll”。1000 毫秒后将开始第 1 次重试。The process cannot access the file 'D:\git仓库\个人工具箱\src\ArasToolkit.App\bin\Debug\net8.0-windows\Microsoft.Identity.Client.dll' because it is being used by another process. 文件被“ArasToolkit.App (29608)”锁定。 [D:\git仓库\个人工具箱\src\ArasToolkit.App\ArasToolkit.App.csproj]
C:\Program Files\dotnet\sdk\10.0.301\Microsoft.Common.CurrentVersion.targets(5096,5): warning MSB3026: 无法将“D:\git仓库\个人工具箱\src\ArasToolkit.Core\bin\Debug\net8.0\ArasToolkit.Core.dll”复制到“bin\Debug\net8.0-windows\ArasToolkit.Core.dll”。1000 毫秒后将开始第 1 次重试。The process cannot access the file 'D:\git仓库\个人工具箱\src\ArasToolkit.App\bin\Debug\net8.0-windows\ArasToolkit.Core.dll' because it is being used by another process. 文件被“ArasToolkit.App (29608)”锁定。 [D:\git仓库\个人工具箱\src\ArasToolkit.App\ArasToolkit.App.csproj]
C:\Program Files\dotnet\sdk\10.0.301\Microsoft.Common.CurrentVersion.targets(5096,5): warning MSB3026: 无法将“C:\Users\89190\.nuget\packages\microsoft.sqlserver.server\1.0.0\lib\netstandard2.0\Microsoft.SqlServer.Server.dll”复制到“bin\Debug\net8.0-windows\Microsoft.SqlServer.Server.dll”。1000 毫秒后将开始第 1 次重试。The process cannot access the file 'D:\git仓库\个人工具箱\src\ArasToolkit.App\bin\Debug\net8.0-windows\Microsoft.SqlServer.Server.dll' because it is being used by another process. 文件被“ArasToolkit.App (29608)”锁定。 [D:\git仓库\个人工具箱\src\ArasToolkit.App\ArasToolkit.App.csproj]
C:\Program Files\dotnet\sdk\10.0.301\Microsoft.Common.CurrentVersion.targets(5096,5): warning MSB3026: 无法将“D:\git仓库\个人工具箱\src\ArasToolkit.Services\bin\Debug\net8.0\ArasToolkit.Services.dll”复制到“bin\Debug\net8.0-windows\ArasToolkit.Services.dll”。1000 毫秒后将开始第 2 次重试。The process cannot access the file 'D:\git仓库\个人工具箱\src\ArasToolkit.App\bin\Debug\net8.0-windows\ArasToolkit.Services.dll' because it is being used by another process. 文件被“ArasToolkit.App (29608)”锁定。 [D:\git仓库\个人工具箱\src\ArasToolkit.App\ArasToolkit.App.csproj]
C:\Program Files\dotnet\sdk\10.0.301\Microsoft.Common.CurrentVersion.targets(5096,5): warning MSB3026: 无法将“C:\Users\89190\.nuget\packages\microsoft.sqlserver.server\1.0.0\lib\netstandard2.0\Microsoft.SqlServer.Server.dll”复制到“bin\Debug\net8.0-windows\Microsoft.SqlServer.Server.dll”。1000 毫秒后将开始第 2 次重试。The process cannot access the file 'D:\git仓库\个人工具箱\src\ArasToolkit.App\bin\Debug\net8.0-windows\Microsoft.SqlServer.Server.dll' because it is being used by another process. 文件被“ArasToolkit.App (29608)”锁定。 [D:\git仓库\个人工具箱\src\ArasToolkit.App\ArasToolkit.App.csproj]
C:\Program Files\dotnet\sdk\10.0.301\Microsoft.Common.CurrentVersion.targets(5096,5): warning MSB3026: 无法将“D:\git仓库\个人工具箱\src\ArasToolkit.Core\bin\Debug\net8.0\ArasToolkit.Core.dll”复制到“bin\Debug\net8.0-windows\ArasToolkit.Core.dll”。1000 毫秒后将开始第 2 次重试。The process cannot access the file 'D:\git仓库\个人工具箱\src\ArasToolkit.App\bin\Debug\net8.0-windows\ArasToolkit.Core.dll' because it is being used by another process. 文件被“ArasToolkit.App (29608)”锁定。 [D:\git仓库\个人工具箱\src\ArasToolkit.App\ArasToolkit.App.csproj]
C:\Program Files\dotnet\sdk\10.0.301\Microsoft.Common.CurrentVersion.targets(5096,5): warning MSB3026: 无法将“C:\Users\89190\.nuget\packages\microsoft.identity.client\4.61.3\lib\net6.0\Microsoft.Identity.Client.dll”复制到“bin\Debug\net8.0-windows\Microsoft.Identity.Client.dll”。1000 毫秒后将开始第 2 次重试。The process cannot access the file 'D:\git仓库\个人工具箱\src\ArasToolkit.App\bin\Debug\net8.0-windows\Microsoft.Identity.Client.dll' because it is being used by another process. 文件被“ArasToolkit.App (29608)”锁定。 [D:\git仓库\个人工具箱\src\ArasToolkit.App\ArasToolkit.App.csproj]
C:\Program Files\dotnet\sdk\10.0.301\Microsoft.Common.CurrentVersion.targets(5096,5): warning MSB3026: 无法将“D:\git仓库\个人工具箱\src\ArasToolkit.Services\bin\Debug\net8.0\ArasToolkit.Services.dll”复制到“bin\Debug\net8.0-windows\ArasToolkit.Services.dll”。1000 毫秒后将开始第 3 次重试。The process cannot access the file 'D:\git仓库\个人工具箱\src\ArasToolkit.App\bin\Debug\net8.0-windows\ArasToolkit.Services.dll' because it is being used by another process. 文件被“ArasToolkit.App (29608)”锁定。 [D:\git仓库\个人工具箱\src\ArasToolkit.App\ArasToolkit.App.csproj]
C:\Program Files\dotnet\sdk\10.0.301\Microsoft.Common.CurrentVersion.targets(5096,5): warning MSB3026: 无法将“C:\Users\89190\.nuget\packages\microsoft.sqlserver.server\1.0.0\lib\netstandard2.0\Microsoft.SqlServer.Server.dll”复制到“bin\Debug\net8.0-windows\Microsoft.SqlServer.Server.dll”。1000 毫秒后将开始第 3 次重试。The process cannot access the file 'D:\git仓库\个人工具箱\src\ArasToolkit.App\bin\Debug\net8.0-windows\Microsoft.SqlServer.Server.dll' because it is being used by another process. 文件被“ArasToolkit.App (29608)”锁定。 [D:\git仓库\个人工具箱\src\ArasToolkit.App\ArasToolkit.App.csproj]
C:\Program Files\dotnet\sdk\10.0.301\Microsoft.Common.CurrentVersion.targets(5096,5): warning MSB3026: 无法将“C:\Users\89190\.nuget\packages\microsoft.identity.client\4.61.3\lib\net6.0\Microsoft.Identity.Client.dll”复制到“bin\Debug\net8.0-windows\Microsoft.Identity.Client.dll”。1000 毫秒后将开始第 3 次重试。The process cannot access the file 'D:\git仓库\个人工具箱\src\ArasToolkit.App\bin\Debug\net8.0-windows\Microsoft.Identity.Client.dll' because it is being used by another process. 文件被“ArasToolkit.App (29608)”锁定。 [D:\git仓库\个人工具箱\src\ArasToolkit.App\ArasToolkit.App.csproj]
C:\Program Files\dotnet\sdk\10.0.301\Microsoft.Common.CurrentVersion.targets(5096,5): warning MSB3026: 无法将“D:\git仓库\个人工具箱\src\ArasToolkit.Core\bin\Debug\net8.0\ArasToolkit.Core.dll”复制到“bin\Debug\net8.0-windows\ArasToolkit.Core.dll”。1000 毫秒后将开始第 3 次重试。The process cannot access the file 'D:\git仓库\个人工具箱\src\ArasToolkit.App\bin\Debug\net8.0-windows\ArasToolkit.Core.dll' because it is being used by another process. 文件被“ArasToolkit.App (29608)”锁定。 [D:\git仓库\个人工具箱\src\ArasToolkit.App\ArasToolkit.App.csproj]
C:\Program Files\dotnet\sdk\10.0.301\Microsoft.Common.CurrentVersion.targets(5096,5): warning MSB3026: 无法将“C:\Users\89190\.nuget\packages\microsoft.identity.client\4.61.3\lib\net6.0\Microsoft.Identity.Client.dll”复制到“bin\Debug\net8.0-windows\Microsoft.Identity.Client.dll”。1000 毫秒后将开始第 4 次重试。The process cannot access the file 'D:\git仓库\个人工具箱\src\ArasToolkit.App\bin\Debug\net8.0-windows\Microsoft.Identity.Client.dll' because it is being used by another process. 文件被“ArasToolkit.App (29608)”锁定。 [D:\git仓库\个人工具箱\src\ArasToolkit.App\ArasToolkit.App.csproj]
C:\Program Files\dotnet\sdk\10.0.301\Microsoft.Common.CurrentVersion.targets(5096,5): warning MSB3026: 无法将“C:\Users\89190\.nuget\packages\microsoft.sqlserver.server\1.0.0\lib\netstandard2.0\Microsoft.SqlServer.Server.dll”复制到“bin\Debug\net8.0-windows\Microsoft.SqlServer.Server.dll”。1000 毫秒后将开始第 4 次重试。The process cannot access the file 'D:\git仓库\个人工具箱\src\ArasToolkit.App\bin\Debug\net8.0-windows\Microsoft.SqlServer.Server.dll' because it is being used by another process. 文件被“ArasToolkit.App (29608)”锁定。 [D:\git仓库\个人工具箱\src\ArasToolkit.App\ArasToolkit.App.csproj]
C:\Program Files\dotnet\sdk\10.0.301\Microsoft.Common.CurrentVersion.targets(5096,5): warning MSB3026: 无法将“D:\git仓库\个人工具箱\src\ArasToolkit.Services\bin\Debug\net8.0\ArasToolkit.Services.dll”复制到“bin\Debug\net8.0-windows\ArasToolkit.Services.dll”。1000 毫秒后将开始第 4 次重试。The process cannot access the file 'D:\git仓库\个人工具箱\src\ArasToolkit.App\bin\Debug\net8.0-windows\ArasToolkit.Services.dll' because it is being used by another process. 文件被“ArasToolkit.App (29608)”锁定。 [D:\git仓库\个人工具箱\src\ArasToolkit.App\ArasToolkit.App.csproj]
C:\Program Files\dotnet\sdk\10.0.301\Microsoft.Common.CurrentVersion.targets(5096,5): warning MSB3026: 无法将“D:\git仓库\个人工具箱\src\ArasToolkit.Core\bin\Debug\net8.0\ArasToolkit.Core.dll”复制到“bin\Debug\net8.0-windows\ArasToolkit.Core.dll”。1000 毫秒后将开始第 4 次重试。The process cannot access the file 'D:\git仓库\个人工具箱\src\ArasToolkit.App\bin\Debug\net8.0-windows\ArasToolkit.Core.dll' because it is being used by another process. 文件被“ArasToolkit.App (29608)”锁定。 [D:\git仓库\个人工具箱\src\ArasToolkit.App\ArasToolkit.App.csproj]
C:\Program Files\dotnet\sdk\10.0.301\Microsoft.Common.CurrentVersion.targets(5096,5): warning MSB3026: 无法将“C:\Users\89190\.nuget\packages\microsoft.identity.client\4.61.3\lib\net6.0\Microsoft.Identity.Client.dll”复制到“bin\Debug\net8.0-windows\Microsoft.Identity.Client.dll”。1000 毫秒后将开始第 5 次重试。The process cannot access the file 'D:\git仓库\个人工具箱\src\ArasToolkit.App\bin\Debug\net8.0-windows\Microsoft.Identity.Client.dll' because it is being used by another process. 文件被“ArasToolkit.App (29608)”锁定。 [D:\git仓库\个人工具箱\src\ArasToolkit.App\ArasToolkit.App.csproj]
C:\Program Files\dotnet\sdk\10.0.301\Microsoft.Common.CurrentVersion.targets(5096,5): warning MSB3026: 无法将“C:\Users\89190\.nuget\packages\microsoft.sqlserver.server\1.0.0\lib\netstandard2.0\Microsoft.SqlServer.Server.dll”复制到“bin\Debug\net8.0-windows\Microsoft.SqlServer.Server.dll”。1000 毫秒后将开始第 5 次重试。The process cannot access the file 'D:\git仓库\个人工具箱\src\ArasToolkit.App\bin\Debug\net8.0-windows\Microsoft.SqlServer.Server.dll' because it is being used by another process. 文件被“ArasToolkit.App (29608)”锁定。 [D:\git仓库\个人工具箱\src\ArasToolkit.App\ArasToolkit.App.csproj]
C:\Program Files\dotnet\sdk\10.0.301\Microsoft.Common.CurrentVersion.targets(5096,5): warning MSB3026: 无法将“D:\git仓库\个人工具箱\src\ArasToolkit.Services\bin\Debug\net8.0\ArasToolkit.Services.dll”复制到“bin\Debug\net8.0-windows\ArasToolkit.Services.dll”。1000 毫秒后将开始第 5 次重试。The process cannot access the file 'D:\git仓库\个人工具箱\src\ArasToolkit.App\bin\Debug\net8.0-windows\ArasToolkit.Services.dll' because it is being used by another process. 文件被“ArasToolkit.App (29608)”锁定。 [D:\git仓库\个人工具箱\src\ArasToolkit.App\ArasToolkit.App.csproj]
C:\Program Files\dotnet\sdk\10.0.301\Microsoft.Common.CurrentVersion.targets(5096,5): warning MSB3026: 无法将“D:\git仓库\个人工具箱\src\ArasToolkit.Core\bin\Debug\net8.0\ArasToolkit.Core.dll”复制到“bin\Debug\net8.0-windows\ArasToolkit.Core.dll”。1000 毫秒后将开始第 5 次重试。The process cannot access the file 'D:\git仓库\个人工具箱\src\ArasToolkit.App\bin\Debug\net8.0-windows\ArasToolkit.Core.dll' because it is being used by another process. 文件被“ArasToolkit.App (29608)”锁定。 [D:\git仓库\个人工具箱\src\ArasToolkit.App\ArasToolkit.App.csproj]
C:\Program Files\dotnet\sdk\10.0.301\Microsoft.Common.CurrentVersion.targets(5096,5): warning MSB3026: 无法将“C:\Users\89190\.nuget\packages\microsoft.identity.client\4.61.3\lib\net6.0\Microsoft.Identity.Client.dll”复制到“bin\Debug\net8.0-windows\Microsoft.Identity.Client.dll”。1000 毫秒后将开始第 6 次重试。The process cannot access the file 'D:\git仓库\个人工具箱\src\ArasToolkit.App\bin\Debug\net8.0-windows\Microsoft.Identity.Client.dll' because it is being used by another process. 文件被“ArasToolkit.App (29608)”锁定。 [D:\git仓库\个人工具箱\src\ArasToolkit.App\ArasToolkit.App.csproj]
C:\Program Files\dotnet\sdk\10.0.301\Microsoft.Common.CurrentVersion.targets(5096,5): warning MSB3026: 无法将“C:\Users\89190\.nuget\packages\microsoft.sqlserver.server\1.0.0\lib\netstandard2.0\Microsoft.SqlServer.Server.dll”复制到“bin\Debug\net8.0-windows\Microsoft.SqlServer.Server.dll”。1000 毫秒后将开始第 6 次重试。The process cannot access the file 'D:\git仓库\个人工具箱\src\ArasToolkit.App\bin\Debug\net8.0-windows\Microsoft.SqlServer.Server.dll' because it is being used by another process. 文件被“ArasToolkit.App (29608)”锁定。 [D:\git仓库\个人工具箱\src\ArasToolkit.App\ArasToolkit.App.csproj]
C:\Program Files\dotnet\sdk\10.0.301\Microsoft.Common.CurrentVersion.targets(5096,5): warning MSB3026: 无法将“D:\git仓库\个人工具箱\src\ArasToolkit.Core\bin\Debug\net8.0\ArasToolkit.Core.dll”复制到“bin\Debug\net8.0-windows\ArasToolkit.Core.dll”。1000 毫秒后将开始第 6 次重试。The process cannot access the file 'D:\git仓库\个人工具箱\src\ArasToolkit.App\bin\Debug\net8.0-windows\ArasToolkit.Core.dll' because it is being used by another process. 文件被“ArasToolkit.App (29608)”锁定。 [D:\git仓库\个人工具箱\src\ArasToolkit.App\ArasToolkit.App.csproj]
C:\Program Files\dotnet\sdk\10.0.301\Microsoft.Common.CurrentVersion.targets(5096,5): warning MSB3026: 无法将“D:\git仓库\个人工具箱\src\ArasToolkit.Services\bin\Debug\net8.0\ArasToolkit.Services.dll”复制到“bin\Debug\net8.0-windows\ArasToolkit.Services.dll”。1000 毫秒后将开始第 6 次重试。The process cannot access the file 'D:\git仓库\个人工具箱\src\ArasToolkit.App\bin\Debug\net8.0-windows\ArasToolkit.Services.dll' because it is being used by another process. 文件被“ArasToolkit.App (29608)”锁定。 [D:\git仓库\个人工具箱\src\ArasToolkit.App\ArasToolkit.App.csproj]
C:\Program Files\dotnet\sdk\10.0.301\Microsoft.Common.CurrentVersion.targets(5096,5): warning MSB3026: 无法将“C:\Users\89190\.nuget\packages\microsoft.identity.client\4.61.3\lib\net6.0\Microsoft.Identity.Client.dll”复制到“bin\Debug\net8.0-windows\Microsoft.Identity.Client.dll”。1000 毫秒后将开始第 7 次重试。The process cannot access the file 'D:\git仓库\个人工具箱\src\ArasToolkit.App\bin\Debug\net8.0-windows\Microsoft.Identity.Client.dll' because it is being used by another process. 文件被“ArasToolkit.App (29608)”锁定。 [D:\git仓库\个人工具箱\src\ArasToolkit.App\ArasToolkit.App.csproj]
C:\Program Files\dotnet\sdk\10.0.301\Microsoft.Common.CurrentVersion.targets(5096,5): warning MSB3026: 无法将“C:\Users\89190\.nuget\packages\microsoft.sqlserver.server\1.0.0\lib\netstandard2.0\Microsoft.SqlServer.Server.dll”复制到“bin\Debug\net8.0-windows\Microsoft.SqlServer.Server.dll”。1000 毫秒后将开始第 7 次重试。The process cannot access the file 'D:\git仓库\个人工具箱\src\ArasToolkit.App\bin\Debug\net8.0-windows\Microsoft.SqlServer.Server.dll' because it is being used by another process. 文件被“ArasToolkit.App (29608)”锁定。 [D:\git仓库\个人工具箱\src\ArasToolkit.App\ArasToolkit.App.csproj]
C:\Program Files\dotnet\sdk\10.0.301\Microsoft.Common.CurrentVersion.targets(5096,5): warning MSB3026: 无法将“D:\git仓库\个人工具箱\src\ArasToolkit.Services\bin\Debug\net8.0\ArasToolkit.Services.dll”复制到“bin\Debug\net8.0-windows\ArasToolkit.Services.dll”。1000 毫秒后将开始第 7 次重试。The process cannot access the file 'D:\git仓库\个人工具箱\src\ArasToolkit.App\bin\Debug\net8.0-windows\ArasToolkit.Services.dll' because it is being used by another process. 文件被“ArasToolkit.App (29608)”锁定。 [D:\git仓库\个人工具箱\src\ArasToolkit.App\ArasToolkit.App.csproj]
C:\Program Files\dotnet\sdk\10.0.301\Microsoft.Common.CurrentVersion.targets(5096,5): warning MSB3026: 无法将“D:\git仓库\个人工具箱\src\ArasToolkit.Core\bin\Debug\net8.0\ArasToolkit.Core.dll”复制到“bin\Debug\net8.0-windows\ArasToolkit.Core.dll”。1000 毫秒后将开始第 7 次重试。The process cannot access the file 'D:\git仓库\个人工具箱\src\ArasToolkit.App\bin\Debug\net8.0-windows\ArasToolkit.Core.dll' because it is being used by another process. 文件被“ArasToolkit.App (29608)”锁定。 [D:\git仓库\个人工具箱\src\ArasToolkit.App\ArasToolkit.App.csproj]
C:\Program Files\dotnet\sdk\10.0.301\Microsoft.Common.CurrentVersion.targets(5096,5): warning MSB3026: 无法将“C:\Users\89190\.nuget\packages\microsoft.identity.client\4.61.3\lib\net6.0\Microsoft.Identity.Client.dll”复制到“bin\Debug\net8.0-windows\Microsoft.Identity.Client.dll”。1000 毫秒后将开始第 8 次重试。The process cannot access the file 'D:\git仓库\个人工具箱\src\ArasToolkit.App\bin\Debug\net8.0-windows\Microsoft.Identity.Client.dll' because it is being used by another process. 文件被“ArasToolkit.App (29608)”锁定。 [D:\git仓库\个人工具箱\src\ArasToolkit.App\ArasToolkit.App.csproj]
C:\Program Files\dotnet\sdk\10.0.301\Microsoft.Common.CurrentVersion.targets(5096,5): warning MSB3026: 无法将“C:\Users\89190\.nuget\packages\microsoft.sqlserver.server\1.0.0\lib\netstandard2.0\Microsoft.SqlServer.Server.dll”复制到“bin\Debug\net8.0-windows\Microsoft.SqlServer.Server.dll”。1000 毫秒后将开始第 8 次重试。The process cannot access the file 'D:\git仓库\个人工具箱\src\ArasToolkit.App\bin\Debug\net8.0-windows\Microsoft.SqlServer.Server.dll' because it is being used by another process. 文件被“ArasToolkit.App (29608)”锁定。 [D:\git仓库\个人工具箱\src\ArasToolkit.App\ArasToolkit.App.csproj]
C:\Program Files\dotnet\sdk\10.0.301\Microsoft.Common.CurrentVersion.targets(5096,5): warning MSB3026: 无法将“D:\git仓库\个人工具箱\src\ArasToolkit.Services\bin\Debug\net8.0\ArasToolkit.Services.dll”复制到“bin\Debug\net8.0-windows\ArasToolkit.Services.dll”。1000 毫秒后将开始第 8 次重试。The process cannot access the file 'D:\git仓库\个人工具箱\src\ArasToolkit.App\bin\Debug\net8.0-windows\ArasToolkit.Services.dll' because it is being used by another process. 文件被“ArasToolkit.App (29608)”锁定。 [D:\git仓库\个人工具箱\src\ArasToolkit.App\ArasToolkit.App.csproj]
C:\Program Files\dotnet\sdk\10.0.301\Microsoft.Common.CurrentVersion.targets(5096,5): warning MSB3026: 无法将“D:\git仓库\个人工具箱\src\ArasToolkit.Core\bin\Debug\net8.0\ArasToolkit.Core.dll”复制到“bin\Debug\net8.0-windows\ArasToolkit.Core.dll”。1000 毫秒后将开始第 8 次重试。The process cannot access the file 'D:\git仓库\个人工具箱\src\ArasToolkit.App\bin\Debug\net8.0-windows\ArasToolkit.Core.dll' because it is being used by another process. 文件被“ArasToolkit.App (29608)”锁定。 [D:\git仓库\个人工具箱\src\ArasToolkit.App\ArasToolkit.App.csproj]
C:\Program Files\dotnet\sdk\10.0.301\Microsoft.Common.CurrentVersion.targets(5096,5): warning MSB3026: 无法将“C:\Users\89190\.nuget\packages\microsoft.identity.client\4.61.3\lib\net6.0\Microsoft.Identity.Client.dll”复制到“bin\Debug\net8.0-windows\Microsoft.Identity.Client.dll”。1000 毫秒后将开始第 9 次重试。The process cannot access the file 'D:\git仓库\个人工具箱\src\ArasToolkit.App\bin\Debug\net8.0-windows\Microsoft.Identity.Client.dll' because it is being used by another process. 文件被“ArasToolkit.App (29608)”锁定。 [D:\git仓库\个人工具箱\src\ArasToolkit.App\ArasToolkit.App.csproj]
C:\Program Files\dotnet\sdk\10.0.301\Microsoft.Common.CurrentVersion.targets(5096,5): warning MSB3026: 无法将“C:\Users\89190\.nuget\packages\microsoft.sqlserver.server\1.0.0\lib\netstandard2.0\Microsoft.SqlServer.Server.dll”复制到“bin\Debug\net8.0-windows\Microsoft.SqlServer.Server.dll”。1000 毫秒后将开始第 9 次重试。The process cannot access the file 'D:\git仓库\个人工具箱\src\ArasToolkit.App\bin\Debug\net8.0-windows\Microsoft.SqlServer.Server.dll' because it is being used by another process. 文件被“ArasToolkit.App (29608)”锁定。 [D:\git仓库\个人工具箱\src\ArasToolkit.App\ArasToolkit.App.csproj]
C:\Program Files\dotnet\sdk\10.0.301\Microsoft.Common.CurrentVersion.targets(5096,5): warning MSB3026: 无法将“D:\git仓库\个人工具箱\src\ArasToolkit.Services\bin\Debug\net8.0\ArasToolkit.Services.dll”复制到“bin\Debug\net8.0-windows\ArasToolkit.Services.dll”。1000 毫秒后将开始第 9 次重试。The process cannot access the file 'D:\git仓库\个人工具箱\src\ArasToolkit.App\bin\Debug\net8.0-windows\ArasToolkit.Services.dll' because it is being used by another process. 文件被“ArasToolkit.App (29608)”锁定。 [D:\git仓库\个人工具箱\src\ArasToolkit.App\ArasToolkit.App.csproj]
C:\Program Files\dotnet\sdk\10.0.301\Microsoft.Common.CurrentVersion.targets(5096,5): warning MSB3026: 无法将“D:\git仓库\个人工具箱\src\ArasToolkit.Core\bin\Debug\net8.0\ArasToolkit.Core.dll”复制到“bin\Debug\net8.0-windows\ArasToolkit.Core.dll”。1000 毫秒后将开始第 9 次重试。The process cannot access the file 'D:\git仓库\个人工具箱\src\ArasToolkit.App\bin\Debug\net8.0-windows\ArasToolkit.Core.dll' because it is being used by another process. 文件被“ArasToolkit.App (29608)”锁定。 [D:\git仓库\个人工具箱\src\ArasToolkit.App\ArasToolkit.App.csproj]
C:\Program Files\dotnet\sdk\10.0.301\Microsoft.Common.CurrentVersion.targets(5096,5): warning MSB3026: 无法将“C:\Users\89190\.nuget\packages\microsoft.identity.client\4.61.3\lib\net6.0\Microsoft.Identity.Client.dll”复制到“bin\Debug\net8.0-windows\Microsoft.Identity.Client.dll”。1000 毫秒后将开始第 10 次重试。The process cannot access the file 'D:\git仓库\个人工具箱\src\ArasToolkit.App\bin\Debug\net8.0-windows\Microsoft.Identity.Client.dll' because it is being used by another process. 文件被“ArasToolkit.App (29608)”锁定。 [D:\git仓库\个人工具箱\src\ArasToolkit.App\ArasToolkit.App.csproj]
C:\Program Files\dotnet\sdk\10.0.301\Microsoft.Common.CurrentVersion.targets(5096,5): warning MSB3026: 无法将“C:\Users\89190\.nuget\packages\microsoft.sqlserver.server\1.0.0\lib\netstandard2.0\Microsoft.SqlServer.Server.dll”复制到“bin\Debug\net8.0-windows\Microsoft.SqlServer.Server.dll”。1000 毫秒后将开始第 10 次重试。The process cannot access the file 'D:\git仓库\个人工具箱\src\ArasToolkit.App\bin\Debug\net8.0-windows\Microsoft.SqlServer.Server.dll' because it is being used by another process. 文件被“ArasToolkit.App (29608)”锁定。 [D:\git仓库\个人工具箱\src\ArasToolkit.App\ArasToolkit.App.csproj]
C:\Program Files\dotnet\sdk\10.0.301\Microsoft.Common.CurrentVersion.targets(5096,5): warning MSB3026: 无法将“D:\git仓库\个人工具箱\src\ArasToolkit.Services\bin\Debug\net8.0\ArasToolkit.Services.dll”复制到“bin\Debug\net8.0-windows\ArasToolkit.Services.dll”。1000 毫秒后将开始第 10 次重试。The process cannot access the file 'D:\git仓库\个人工具箱\src\ArasToolkit.App\bin\Debug\net8.0-windows\ArasToolkit.Services.dll' because it is being used by another process. 文件被“ArasToolkit.App (29608)”锁定。 [D:\git仓库\个人工具箱\src\ArasToolkit.App\ArasToolkit.App.csproj]
C:\Program Files\dotnet\sdk\10.0.301\Microsoft.Common.CurrentVersion.targets(5096,5): warning MSB3026: 无法将“D:\git仓库\个人工具箱\src\ArasToolkit.Core\bin\Debug\net8.0\ArasToolkit.Core.dll”复制到“bin\Debug\net8.0-windows\ArasToolkit.Core.dll”。1000 毫秒后将开始第 10 次重试。The process cannot access the file 'D:\git仓库\个人工具箱\src\ArasToolkit.App\bin\Debug\net8.0-windows\ArasToolkit.Core.dll' because it is being used by another process. 文件被“ArasToolkit.App (29608)”锁定。 [D:\git仓库\个人工具箱\src\ArasToolkit.App\ArasToolkit.App.csproj]
C:\Program Files\dotnet\sdk\10.0.301\Microsoft.Common.CurrentVersion.targets(5096,5): error MSB3027: 无法将“C:\Users\89190\.nuget\packages\microsoft.identity.client\4.61.3\lib\net6.0\Microsoft.Identity.Client.dll”复制到“bin\Debug\net8.0-windows\Microsoft.Identity.Client.dll”。超出了重试计数 10。失败。文件被“ArasToolkit.App (29608)”锁定。 [D:\git仓库\个人工具箱\src\ArasToolkit.App\ArasToolkit.App.csproj]
C:\Program Files\dotnet\sdk\10.0.301\Microsoft.Common.CurrentVersion.targets(5096,5): error MSB3021: 无法将文件“C:\Users\89190\.nuget\packages\microsoft.identity.client\4.61.3\lib\net6.0\Microsoft.Identity.Client.dll”复制到“bin\Debug\net8.0-windows\Microsoft.Identity.Client.dll”。The process cannot access the file 'D:\git仓库\个人工具箱\src\ArasToolkit.App\bin\Debug\net8.0-windows\Microsoft.Identity.Client.dll' because it is being used by another process. [D:\git仓库\个人工具箱\src\ArasToolkit.App\ArasToolkit.App.csproj]
C:\Program Files\dotnet\sdk\10.0.301\Microsoft.Common.CurrentVersion.targets(5096,5): error MSB3027: 无法将“C:\Users\89190\.nuget\packages\microsoft.sqlserver.server\1.0.0\lib\netstandard2.0\Microsoft.SqlServer.Server.dll”复制到“bin\Debug\net8.0-windows\Microsoft.SqlServer.Server.dll”。超出了重试计数 10。失败。文件被“ArasToolkit.App (29608)”锁定。 [D:\git仓库\个人工具箱\src\ArasToolkit.App\ArasToolkit.App.csproj]
C:\Program Files\dotnet\sdk\10.0.301\Microsoft.Common.CurrentVersion.targets(5096,5): error MSB3021: 无法将文件“C:\Users\89190\.nuget\packages\microsoft.sqlserver.server\1.0.0\lib\netstandard2.0\Microsoft.SqlServer.Server.dll”复制到“bin\Debug\net8.0-windows\Microsoft.SqlServer.Server.dll”。The process cannot access the file 'D:\git仓库\个人工具箱\src\ArasToolkit.App\bin\Debug\net8.0-windows\Microsoft.SqlServer.Server.dll' because it is being used by another process. [D:\git仓库\个人工具箱\src\ArasToolkit.App\ArasToolkit.App.csproj]
C:\Program Files\dotnet\sdk\10.0.301\Microsoft.Common.CurrentVersion.targets(5096,5): error MSB3027: 无法将“D:\git仓库\个人工具箱\src\ArasToolkit.Services\bin\Debug\net8.0\ArasToolkit.Services.dll”复制到“bin\Debug\net8.0-windows\ArasToolkit.Services.dll”。超出了重试计数 10。失败。文件被“ArasToolkit.App (29608)”锁定。 [D:\git仓库\个人工具箱\src\ArasToolkit.App\ArasToolkit.App.csproj]
C:\Program Files\dotnet\sdk\10.0.301\Microsoft.Common.CurrentVersion.targets(5096,5): error MSB3021: 无法将文件“D:\git仓库\个人工具箱\src\ArasToolkit.Services\bin\Debug\net8.0\ArasToolkit.Services.dll”复制到“bin\Debug\net8.0-windows\ArasToolkit.Services.dll”。The process cannot access the file 'D:\git仓库\个人工具箱\src\ArasToolkit.App\bin\Debug\net8.0-windows\ArasToolkit.Services.dll' because it is being used by another process. [D:\git仓库\个人工具箱\src\ArasToolkit.App\ArasToolkit.App.csproj]
C:\Program Files\dotnet\sdk\10.0.301\Microsoft.Common.CurrentVersion.targets(5096,5): error MSB3027: 无法将“D:\git仓库\个人工具箱\src\ArasToolkit.Core\bin\Debug\net8.0\ArasToolkit.Core.dll”复制到“bin\Debug\net8.0-windows\ArasToolkit.Core.dll”。超出了重试计数 10。失败。文件被“ArasToolkit.App (29608)”锁定。 [D:\git仓库\个人工具箱\src\ArasToolkit.App\ArasToolkit.App.csproj]
C:\Program Files\dotnet\sdk\10.0.301\Microsoft.Common.CurrentVersion.targets(5096,5): error MSB3021: 无法将文件“D:\git仓库\个人工具箱\src\ArasToolkit.Core\bin\Debug\net8.0\ArasToolkit.Core.dll”复制到“bin\Debug\net8.0-windows\ArasToolkit.Core.dll”。The process cannot access the file 'D:\git仓库\个人工具箱\src\ArasToolkit.App\bin\Debug\net8.0-windows\ArasToolkit.Core.dll' because it is being used by another process. [D:\git仓库\个人工具箱\src\ArasToolkit.App\ArasToolkit.App.csproj]
    44 个警告
    8 个错误

已用时间 00:00:12.20
